Analysis & Synthesis report for de1_cntupen_step
Thu Nov 28 17:20:16 2019
Quartus II 32-bit Version 13.0.1 Build 232 06/12/2013 Service Pack 1 SJ Web Edition


---------------------
; Table of Contents ;
---------------------
  1. Legal Notice
  2. Analysis & Synthesis Summary
  3. Analysis & Synthesis Settings
  4. Analysis & Synthesis Source Files Read
  5. Analysis & Synthesis Resource Usage Summary
  6. Analysis & Synthesis Resource Utilization by Entity
  7. General Register Statistics
  8. Port Connectivity Checks: "cntupen:DUT|add4:incrementer"
  9. Elapsed Time Per Partition
 10. Analysis & Synthesis Messages



----------------
; Legal Notice ;
----------------
Copyright (C) 1991-2013 Altera Corporation
Your use of Altera Corporation's design tools, logic functions 
and other software and tools, and its AMPP partner logic 
functions, and any output files from any of the foregoing 
(including device programming or simulation files), and any 
associated documentation or information are expressly subject 
to the terms and conditions of the Altera Program License 
Subscription Agreement, Altera MegaCore Function License 
Agreement, or other applicable license agreement, including, 
without limitation, that your use is for the sole purpose of 
programming logic devices manufactured by Altera and sold by 
Altera or its authorized distributors.  Please refer to the 
applicable agreement for further details.



+--------------------------------------------------------------------------------------+
; Analysis & Synthesis Summary                                                         ;
+------------------------------------+-------------------------------------------------+
; Analysis & Synthesis Status        ; Successful - Thu Nov 28 17:20:16 2019           ;
; Quartus II 32-bit Version          ; 13.0.1 Build 232 06/12/2013 SP 1 SJ Web Edition ;
; Revision Name                      ; de1_cntupen_step                                ;
; Top-level Entity Name              ; de1_cntupen_step                                ;
; Family                             ; Cyclone II                                      ;
; Total logic elements               ; 14                                              ;
;     Total combinational functions  ; 13                                              ;
;     Dedicated logic registers      ; 6                                               ;
; Total registers                    ; 6                                               ;
; Total pins                         ; 10                                              ;
; Total virtual pins                 ; 0                                               ;
; Total memory bits                  ; 0                                               ;
; Embedded Multiplier 9-bit elements ; 0                                               ;
; Total PLLs                         ; 0                                               ;
+------------------------------------+-------------------------------------------------+


+----------------------------------------------------------------------------------------------------------------------+
; Analysis & Synthesis Settings                                                                                        ;
+----------------------------------------------------------------------------+--------------------+--------------------+
; Option                                                                     ; Setting            ; Default Value      ;
+----------------------------------------------------------------------------+--------------------+--------------------+
; Device                                                                     ; EP2C20F484C7       ;                    ;
; Top-level entity name                                                      ; de1_cntupen_step   ; de1_cntupen_step   ;
; Family name                                                                ; Cyclone II         ; Cyclone IV GX      ;
; VHDL Version                                                               ; VHDL_2008          ; VHDL_1993          ;
; Use smart compilation                                                      ; Off                ; Off                ;
; Enable parallel Assembler and TimeQuest Timing Analyzer during compilation ; On                 ; On                 ;
; Enable compact report table                                                ; Off                ; Off                ;
; Restructure Multiplexers                                                   ; Auto               ; Auto               ;
; Create Debugging Nodes for IP Cores                                        ; Off                ; Off                ;
; Preserve fewer node names                                                  ; On                 ; On                 ;
; Disable OpenCore Plus hardware evaluation                                  ; Off                ; Off                ;
; Verilog Version                                                            ; Verilog_2001       ; Verilog_2001       ;
; State Machine Processing                                                   ; Auto               ; Auto               ;
; Safe State Machine                                                         ; Off                ; Off                ;
; Extract Verilog State Machines                                             ; On                 ; On                 ;
; Extract VHDL State Machines                                                ; On                 ; On                 ;
; Ignore Verilog initial constructs                                          ; Off                ; Off                ;
; Iteration limit for constant Verilog loops                                 ; 5000               ; 5000               ;
; Iteration limit for non-constant Verilog loops                             ; 250                ; 250                ;
; Add Pass-Through Logic to Inferred RAMs                                    ; On                 ; On                 ;
; Infer RAMs from Raw Logic                                                  ; On                 ; On                 ;
; Parallel Synthesis                                                         ; On                 ; On                 ;
; DSP Block Balancing                                                        ; Auto               ; Auto               ;
; NOT Gate Push-Back                                                         ; On                 ; On                 ;
; Power-Up Don't Care                                                        ; On                 ; On                 ;
; Remove Redundant Logic Cells                                               ; Off                ; Off                ;
; Remove Duplicate Registers                                                 ; On                 ; On                 ;
; Ignore CARRY Buffers                                                       ; Off                ; Off                ;
; Ignore CASCADE Buffers                                                     ; Off                ; Off                ;
; Ignore GLOBAL Buffers                                                      ; Off                ; Off                ;
; Ignore ROW GLOBAL Buffers                                                  ; Off                ; Off                ;
; Ignore LCELL Buffers                                                       ; Off                ; Off                ;
; Ignore SOFT Buffers                                                        ; On                 ; On                 ;
; Limit AHDL Integers to 32 Bits                                             ; Off                ; Off                ;
; Optimization Technique                                                     ; Balanced           ; Balanced           ;
; Carry Chain Length                                                         ; 70                 ; 70                 ;
; Auto Carry Chains                                                          ; On                 ; On                 ;
; Auto Open-Drain Pins                                                       ; On                 ; On                 ;
; Perform WYSIWYG Primitive Resynthesis                                      ; Off                ; Off                ;
; Auto ROM Replacement                                                       ; On                 ; On                 ;
; Auto RAM Replacement                                                       ; On                 ; On                 ;
; Auto Shift Register Replacement                                            ; Auto               ; Auto               ;
; Allow Shift Register Merging across Hierarchies                            ; Auto               ; Auto               ;
; Auto Clock Enable Replacement                                              ; On                 ; On                 ;
; Strict RAM Replacement                                                     ; Off                ; Off                ;
; Allow Synchronous Control Signals                                          ; On                 ; On                 ;
; Force Use of Synchronous Clear Signals                                     ; Off                ; Off                ;
; Auto RAM to Logic Cell Conversion                                          ; Off                ; Off                ;
; Auto Resource Sharing                                                      ; Off                ; Off                ;
; Allow Any RAM Size For Recognition                                         ; Off                ; Off                ;
; Allow Any ROM Size For Recognition                                         ; Off                ; Off                ;
; Allow Any Shift Register Size For Recognition                              ; Off                ; Off                ;
; Use LogicLock Constraints during Resource Balancing                        ; On                 ; On                 ;
; Ignore translate_off and synthesis_off directives                          ; Off                ; Off                ;
; Timing-Driven Synthesis                                                    ; Off                ; Off                ;
; Report Parameter Settings                                                  ; On                 ; On                 ;
; Report Source Assignments                                                  ; On                 ; On                 ;
; Report Connectivity Checks                                                 ; On                 ; On                 ;
; Ignore Maximum Fan-Out Assignments                                         ; Off                ; Off                ;
; Synchronization Register Chain Length                                      ; 2                  ; 2                  ;
; PowerPlay Power Optimization                                               ; Normal compilation ; Normal compilation ;
; HDL message level                                                          ; Level2             ; Level2             ;
; Suppress Register Optimization Related Messages                            ; Off                ; Off                ;
; Number of Removed Registers Reported in Synthesis Report                   ; 5000               ; 5000               ;
; Number of Swept Nodes Reported in Synthesis Report                         ; 5000               ; 5000               ;
; Number of Inverted Registers Reported in Synthesis Report                  ; 100                ; 100                ;
; Clock MUX Protection                                                       ; On                 ; On                 ;
; Auto Gated Clock Conversion                                                ; Off                ; Off                ;
; Block Design Naming                                                        ; Auto               ; Auto               ;
; SDC constraint protection                                                  ; Off                ; Off                ;
; Synthesis Effort                                                           ; Auto               ; Auto               ;
; Shift Register Replacement - Allow Asynchronous Clear Signal               ; On                 ; On                 ;
; Pre-Mapping Resynthesis Optimization                                       ; Off                ; Off                ;
; Analysis & Synthesis Message Level                                         ; Medium             ; Medium             ;
; Disable Register Merging Across Hierarchies                                ; Auto               ; Auto               ;
; Resource Aware Inference For Block RAM                                     ; On                 ; On                 ;
; Synthesis Seed                                                             ; 1                  ; 1                  ;
+----------------------------------------------------------------------------+--------------------+--------------------+


+-----------------------------------------------------------------------------------------------------------------------------------------------------------------------------------------------------------------------------+
; Analysis & Synthesis Source Files Read                                                                                                                                                                                      ;
+----------------------------------------------+-----------------+-----------------+--------------------------------------------------------------------------------------------------------------------------------+---------+
; File Name with User-Entered Path             ; Used in Netlist ; File Type       ; File Name with Absolute Path                                                                                                   ; Library ;
+----------------------------------------------+-----------------+-----------------+--------------------------------------------------------------------------------------------------------------------------------+---------+
; ../../src/dregen_rtl.vhd                     ; yes             ; User VHDL File  ; /home/caeuser/Desktop/GIT/3rd-Semester/Praktikum_Digitaltechnik/DigitaltechnikPraktikum/src/dregen_rtl.vhd                     ;         ;
; ../../src/add1_truthtable.vhd                ; yes             ; User VHDL File  ; /home/caeuser/Desktop/GIT/3rd-Semester/Praktikum_Digitaltechnik/DigitaltechnikPraktikum/src/add1_truthtable.vhd                ;         ;
; ../../src/add4_structure.vhd                 ; yes             ; User VHDL File  ; /home/caeuser/Desktop/GIT/3rd-Semester/Praktikum_Digitaltechnik/DigitaltechnikPraktikum/src/add4_structure.vhd                 ;         ;
; ../../src/cntupen_structure.vhd              ; yes             ; User VHDL File  ; /home/caeuser/Desktop/GIT/3rd-Semester/Praktikum_Digitaltechnik/DigitaltechnikPraktikum/src/cntupen_structure.vhd              ;         ;
; ../../src/binto7segment_truthtable.vhd       ; yes             ; User VHDL File  ; /home/caeuser/Desktop/GIT/3rd-Semester/Praktikum_Digitaltechnik/DigitaltechnikPraktikum/src/binto7segment_truthtable.vhd       ;         ;
; ../../src/d_ff_rtl.vhd                       ; yes             ; User VHDL File  ; /home/caeuser/Desktop/GIT/3rd-Semester/Praktikum_Digitaltechnik/DigitaltechnikPraktikum/src/d_ff_rtl.vhd                       ;         ;
; ../../src/rising_edge_detector_structure.vhd ; yes             ; User VHDL File  ; /home/caeuser/Desktop/GIT/3rd-Semester/Praktikum_Digitaltechnik/DigitaltechnikPraktikum/src/rising_edge_detector_structure.vhd ;         ;
; ../../src/de1_cntupen_step_structure.vhd     ; yes             ; User VHDL File  ; /home/caeuser/Desktop/GIT/3rd-Semester/Praktikum_Digitaltechnik/DigitaltechnikPraktikum/src/de1_cntupen_step_structure.vhd     ;         ;
+----------------------------------------------+-----------------+-----------------+--------------------------------------------------------------------------------------------------------------------------------+---------+


+----------------------------------------------------------------------------------------+
; Analysis & Synthesis Resource Usage Summary                                            ;
+---------------------------------------------+------------------------------------------+
; Resource                                    ; Usage                                    ;
+---------------------------------------------+------------------------------------------+
; Estimated Total logic elements              ; 14                                       ;
;                                             ;                                          ;
; Total combinational functions               ; 13                                       ;
; Logic element usage by number of LUT inputs ;                                          ;
;     -- 4 input functions                    ; 9                                        ;
;     -- 3 input functions                    ; 2                                        ;
;     -- <=2 input functions                  ; 2                                        ;
;                                             ;                                          ;
; Logic elements by mode                      ;                                          ;
;     -- normal mode                          ; 13                                       ;
;     -- arithmetic mode                      ; 0                                        ;
;                                             ;                                          ;
; Total registers                             ; 6                                        ;
;     -- Dedicated logic registers            ; 6                                        ;
;     -- I/O registers                        ; 0                                        ;
;                                             ;                                          ;
; I/O pins                                    ; 10                                       ;
; Embedded Multiplier 9-bit elements          ; 0                                        ;
; Maximum fan-out node                        ; cntupen:DUT|dregen:state_register|q_o[0] ;
; Maximum fan-out                             ; 10                                       ;
; Total fan-out                               ; 70                                       ;
; Average fan-out                             ; 2.41                                     ;
+---------------------------------------------+------------------------------------------+


+--------------------------------------------------------------------------------------------------------------------------------------------------------------------------------------------------------------------------------------------------------------+
; Analysis & Synthesis Resource Utilization by Entity                                                                                                                                                                                                          ;
+--------------------------------------------------+-------------------+--------------+-------------+--------------+---------+-----------+------+--------------+--------------------------------------------------------------------------------+--------------+
; Compilation Hierarchy Node                       ; LC Combinationals ; LC Registers ; Memory Bits ; DSP Elements ; DSP 9x9 ; DSP 18x18 ; Pins ; Virtual Pins ; Full Hierarchy Name                                                            ; Library Name ;
+--------------------------------------------------+-------------------+--------------+-------------+--------------+---------+-----------+------+--------------+--------------------------------------------------------------------------------+--------------+
; |de1_cntupen_step                                ; 13 (0)            ; 6 (0)        ; 0           ; 0            ; 0       ; 0         ; 10   ; 0            ; |de1_cntupen_step                                                              ; work         ;
;    |binto7segment:count_value|                   ; 7 (7)             ; 0 (0)        ; 0           ; 0            ; 0       ; 0         ; 0    ; 0            ; |de1_cntupen_step|binto7segment:count_value                                    ; work         ;
;    |cntupen:DUT|                                 ; 5 (0)             ; 4 (0)        ; 0           ; 0            ; 0       ; 0         ; 0    ; 0            ; |de1_cntupen_step|cntupen:DUT                                                  ; work         ;
;       |dregen:state_register|                    ; 5 (5)             ; 4 (4)        ; 0           ; 0            ; 0       ; 0         ; 0    ; 0            ; |de1_cntupen_step|cntupen:DUT|dregen:state_register                            ; work         ;
;    |rising_edge_detector:single_pulse_generator| ; 1 (0)             ; 2 (0)        ; 0           ; 0            ; 0       ; 0         ; 0    ; 0            ; |de1_cntupen_step|rising_edge_detector:single_pulse_generator                  ; work         ;
;       |d_ff:dflipflop_0|                         ; 1 (1)             ; 1 (1)        ; 0           ; 0            ; 0       ; 0         ; 0    ; 0            ; |de1_cntupen_step|rising_edge_detector:single_pulse_generator|d_ff:dflipflop_0 ; work         ;
;       |d_ff:dflipflop_1|                         ; 0 (0)             ; 1 (1)        ; 0           ; 0            ; 0       ; 0         ; 0    ; 0            ; |de1_cntupen_step|rising_edge_detector:single_pulse_generator|d_ff:dflipflop_1 ; work         ;
+--------------------------------------------------+-------------------+--------------+-------------+--------------+---------+-----------+------+--------------+--------------------------------------------------------------------------------+--------------+
Note: For table entries with two numbers listed, the numbers in parentheses indicate the number of resources of the given type used by the specific entity alone. The numbers listed outside of parentheses indicate the total resources of the given type used by the specific entity and all of its sub-entities in the hierarchy.


+------------------------------------------------------+
; General Register Statistics                          ;
+----------------------------------------------+-------+
; Statistic                                    ; Value ;
+----------------------------------------------+-------+
; Total registers                              ; 6     ;
; Number of registers using Synchronous Clear  ; 0     ;
; Number of registers using Synchronous Load   ; 0     ;
; Number of registers using Asynchronous Clear ; 6     ;
; Number of registers using Asynchronous Load  ; 0     ;
; Number of registers using Clock Enable       ; 0     ;
; Number of registers using Preset             ; 0     ;
+----------------------------------------------+-------+


+---------------------------------------------------------------------------------------------------------------------+
; Port Connectivity Checks: "cntupen:DUT|add4:incrementer"                                                            ;
+-----------+--------+----------+-------------------------------------------------------------------------------------+
; Port      ; Type   ; Severity ; Details                                                                             ;
+-----------+--------+----------+-------------------------------------------------------------------------------------+
; a_i[3..1] ; Input  ; Info     ; Stuck at GND                                                                        ;
; a_i[0]    ; Input  ; Info     ; Stuck at VCC                                                                        ;
; ci_i      ; Input  ; Info     ; Stuck at GND                                                                        ;
; co_o      ; Output ; Info     ; Connected to dangling logic. Logic that only feeds a dangling port will be removed. ;
+-----------+--------+----------+-------------------------------------------------------------------------------------+


+-------------------------------+
; Elapsed Time Per Partition    ;
+----------------+--------------+
; Partition Name ; Elapsed Time ;
+----------------+--------------+
; Top            ; 00:00:00     ;
+----------------+--------------+


+-------------------------------+
; Analysis & Synthesis Messages ;
+-------------------------------+
Info: *******************************************************************
Info: Running Quartus II 32-bit Analysis & Synthesis
    Info: Version 13.0.1 Build 232 06/12/2013 Service Pack 1 SJ Web Edition
    Info: Processing started: Thu Nov 28 17:20:13 2019
Info: Command: quartus_map --read_settings_files=on --write_settings_files=off de1_cntupen_step -c de1_cntupen_step
Warning (20028): Parallel compilation is not licensed and has been disabled
Info (12021): Found 2 design units, including 1 entities, in source file /home/caeuser/Desktop/GIT/3rd-Semester/Praktikum_Digitaltechnik/DigitaltechnikPraktikum/src/dregen_rtl.vhd
    Info (12022): Found design unit 1: dregen-rtl
    Info (12023): Found entity 1: dregen
Info (12021): Found 2 design units, including 1 entities, in source file /home/caeuser/Desktop/GIT/3rd-Semester/Praktikum_Digitaltechnik/DigitaltechnikPraktikum/src/add1_truthtable.vhd
    Info (12022): Found design unit 1: add1-truthtable
    Info (12023): Found entity 1: add1
Info (12021): Found 2 design units, including 1 entities, in source file /home/caeuser/Desktop/GIT/3rd-Semester/Praktikum_Digitaltechnik/DigitaltechnikPraktikum/src/add4_structure.vhd
    Info (12022): Found design unit 1: add4-structure
    Info (12023): Found entity 1: add4
Info (12021): Found 2 design units, including 1 entities, in source file /home/caeuser/Desktop/GIT/3rd-Semester/Praktikum_Digitaltechnik/DigitaltechnikPraktikum/src/cntupen_structure.vhd
    Info (12022): Found design unit 1: cntupen-structure
    Info (12023): Found entity 1: cntupen
Info (12021): Found 2 design units, including 1 entities, in source file /home/caeuser/Desktop/GIT/3rd-Semester/Praktikum_Digitaltechnik/DigitaltechnikPraktikum/src/binto7segment_truthtable.vhd
    Info (12022): Found design unit 1: binto7segment-truthtable
    Info (12023): Found entity 1: binto7segment
Info (12021): Found 2 design units, including 1 entities, in source file /home/caeuser/Desktop/GIT/3rd-Semester/Praktikum_Digitaltechnik/DigitaltechnikPraktikum/src/d_ff_rtl.vhd
    Info (12022): Found design unit 1: d_ff-rtl
    Info (12023): Found entity 1: d_ff
Info (12021): Found 2 design units, including 1 entities, in source file /home/caeuser/Desktop/GIT/3rd-Semester/Praktikum_Digitaltechnik/DigitaltechnikPraktikum/src/rising_edge_detector_structure.vhd
    Info (12022): Found design unit 1: rising_edge_detector-structure
    Info (12023): Found entity 1: rising_edge_detector
Info (12021): Found 2 design units, including 1 entities, in source file /home/caeuser/Desktop/GIT/3rd-Semester/Praktikum_Digitaltechnik/DigitaltechnikPraktikum/src/de1_cntupen_step_structure.vhd
    Info (12022): Found design unit 1: de1_cntupen_step-structure
    Info (12023): Found entity 1: de1_cntupen_step
Info (12127): Elaborating entity "de1_cntupen_step" for the top level hierarchy
Info (12129): Elaborating entity "rising_edge_detector" using architecture "A:structure" for hierarchy "rising_edge_detector:single_pulse_generator"
Info (12128): Elaborating entity "d_ff" for hierarchy "rising_edge_detector:single_pulse_generator|d_ff:dflipflop_0"
Info (12129): Elaborating entity "cntupen" using architecture "A:structure" for hierarchy "cntupen:DUT"
Info (12129): Elaborating entity "add4" using architecture "A:structure" for hierarchy "cntupen:DUT|add4:incrementer"
Info (12128): Elaborating entity "add1" for hierarchy "cntupen:DUT|add4:incrementer|add1:inst0"
Info (12129): Elaborating entity "dregen" using architecture "A:rtl" for hierarchy "cntupen:DUT|dregen:state_register"
Info (12129): Elaborating entity "binto7segment" using architecture "A:truthtable" for hierarchy "binto7segment:count_value"
Info (16010): Generating hard_block partition "hard_block:auto_generated_inst"
    Info (16011): Adding 0 node(s), including 0 DDIO, 0 PLL, 0 transceiver and 0 LCELL
Info (21057): Implemented 24 device resources after synthesis - the final resource count might be different
    Info (21058): Implemented 3 input pins
    Info (21059): Implemented 7 output pins
    Info (21061): Implemented 14 logic cells
Info: Quartus II 32-bit Analysis & Synthesis was successful. 0 errors, 1 warning
    Info: Peak virtual memory: 364 megabytes
    Info: Processing ended: Thu Nov 28 17:20:16 2019
    Info: Elapsed time: 00:00:03
    Info: Total CPU time (on all processors): 00:00:03


