TimeQuest Timing Analyzer report for de1_add4
Mon Nov 25 14:37:00 2019
Quartus II 32-bit Version 13.0.1 Build 232 06/12/2013 Service Pack 1 SJ Web Edition


---------------------
; Table of Contents ;
---------------------
  1. Legal Notice
  2. TimeQuest Timing Analyzer Summary
  3. SDC File List
  4. Clocks
  5. Slow Model Fmax Summary
  6. Slow Model Setup Summary
  7. Slow Model Hold Summary
  8. Slow Model Recovery Summary
  9. Slow Model Removal Summary
 10. Slow Model Minimum Pulse Width Summary
 11. Propagation Delay
 12. Minimum Propagation Delay
 13. Fast Model Setup Summary
 14. Fast Model Hold Summary
 15. Fast Model Recovery Summary
 16. Fast Model Removal Summary
 17. Fast Model Minimum Pulse Width Summary
 18. Propagation Delay
 19. Minimum Propagation Delay
 20. Multicorner Timing Analysis Summary
 21. Progagation Delay
 22. Minimum Progagation Delay
 23. Clock Transfers
 24. Report TCCS
 25. Report RSKM
 26. Unconstrained Paths
 27. TimeQuest Timing Analyzer Messages



----------------
; Legal Notice ;
----------------
Copyright (C) 1991-2013 Altera Corporation
Your use of Altera Corporation's design tools, logic functions 
and other software and tools, and its AMPP partner logic 
functions, and any output files from any of the foregoing 
(including device programming or simulation files), and any 
associated documentation or information are expressly subject 
to the terms and conditions of the Altera Program License 
Subscription Agreement, Altera MegaCore Function License 
Agreement, or other applicable license agreement, including, 
without limitation, that your use is for the sole purpose of 
programming logic devices manufactured by Altera and sold by 
Altera or its authorized distributors.  Please refer to the 
applicable agreement for further details.



+----------------------------------------------------------------------------------------+
; TimeQuest Timing Analyzer Summary                                                      ;
+--------------------+-------------------------------------------------------------------+
; Quartus II Version ; Version 13.0.1 Build 232 06/12/2013 Service Pack 1 SJ Web Edition ;
; Revision Name      ; de1_add4                                                          ;
; Device Family      ; Cyclone II                                                        ;
; Device Name        ; EP2C20F484C7                                                      ;
; Timing Models      ; Final                                                             ;
; Delay Model        ; Combined                                                          ;
; Rise/Fall Delays   ; Unavailable                                                       ;
+--------------------+-------------------------------------------------------------------+


+---------------------------------------------------+
; SDC File List                                     ;
+---------------+--------+--------------------------+
; SDC File Path ; Status ; Read at                  ;
+---------------+--------+--------------------------+
; de1_add4.sdc  ; OK     ; Mon Nov 25 14:37:00 2019 ;
+---------------+--------+--------------------------+


----------
; Clocks ;
----------
No clocks to report.


---------------------------
; Slow Model Fmax Summary ;
---------------------------
No paths to report.


----------------------------
; Slow Model Setup Summary ;
----------------------------
No paths to report.


---------------------------
; Slow Model Hold Summary ;
---------------------------
No paths to report.


-------------------------------
; Slow Model Recovery Summary ;
-------------------------------
No paths to report.


------------------------------
; Slow Model Removal Summary ;
------------------------------
No paths to report.


------------------------------------------
; Slow Model Minimum Pulse Width Summary ;
------------------------------------------
No paths to report.


+--------------------------------------------------------------+
; Propagation Delay                                            ;
+------------+-------------+--------+--------+--------+--------+
; Input Port ; Output Port ; RR     ; RF     ; FR     ; FF     ;
+------------+-------------+--------+--------+--------+--------+
; SW[0]      ; GPO_1[0]    ; 5.908  ;        ;        ; 5.908  ;
; SW[0]      ; GPO_1[1]    ; 13.001 ;        ;        ; 13.001 ;
; SW[0]      ; HEX2[0]     ; 11.278 ; 11.278 ; 11.278 ; 11.278 ;
; SW[0]      ; HEX2[1]     ; 11.085 ; 11.085 ; 11.085 ; 11.085 ;
; SW[0]      ; HEX2[2]     ; 11.127 ; 11.127 ; 11.127 ; 11.127 ;
; SW[0]      ; HEX2[3]     ; 11.126 ; 11.126 ; 11.126 ; 11.126 ;
; SW[0]      ; HEX2[4]     ; 11.292 ; 11.292 ; 11.292 ; 11.292 ;
; SW[0]      ; HEX2[5]     ; 11.391 ; 11.391 ; 11.391 ; 11.391 ;
; SW[0]      ; HEX2[6]     ; 11.452 ; 11.452 ; 11.452 ; 11.452 ;
; SW[0]      ; LEDG[0]     ; 11.384 ; 11.384 ; 11.384 ; 11.384 ;
; SW[0]      ; LEDG[1]     ; 11.217 ; 11.217 ; 11.217 ; 11.217 ;
; SW[0]      ; LEDG[2]     ; 11.924 ; 11.924 ; 11.924 ; 11.924 ;
; SW[0]      ; LEDG[3]     ; 12.329 ; 12.329 ; 12.329 ; 12.329 ;
; SW[0]      ; LEDG[4]     ; 13.340 ;        ;        ; 13.340 ;
; SW[0]      ; LEDR[0]     ; 4.635  ;        ;        ; 4.635  ;
; SW[1]      ; GPO_1[1]    ; 12.407 ;        ;        ; 12.407 ;
; SW[1]      ; HEX0[0]     ; 7.356  ; 7.356  ; 7.356  ; 7.356  ;
; SW[1]      ; HEX0[1]     ; 7.368  ; 7.368  ; 7.368  ; 7.368  ;
; SW[1]      ; HEX0[2]     ;        ; 7.696  ; 7.696  ;        ;
; SW[1]      ; HEX0[3]     ; 7.365  ; 7.365  ; 7.365  ; 7.365  ;
; SW[1]      ; HEX0[4]     ; 7.729  ;        ;        ; 7.729  ;
; SW[1]      ; HEX0[5]     ; 7.719  ;        ;        ; 7.719  ;
; SW[1]      ; HEX0[6]     ; 7.762  ; 7.762  ; 7.762  ; 7.762  ;
; SW[1]      ; HEX2[0]     ; 10.684 ; 10.684 ; 10.684 ; 10.684 ;
; SW[1]      ; HEX2[1]     ; 10.491 ; 10.491 ; 10.491 ; 10.491 ;
; SW[1]      ; HEX2[2]     ; 10.533 ; 10.533 ; 10.533 ; 10.533 ;
; SW[1]      ; HEX2[3]     ; 10.532 ; 10.532 ; 10.532 ; 10.532 ;
; SW[1]      ; HEX2[4]     ; 10.698 ; 10.698 ; 10.698 ; 10.698 ;
; SW[1]      ; HEX2[5]     ; 10.797 ; 10.797 ; 10.797 ; 10.797 ;
; SW[1]      ; HEX2[6]     ; 10.858 ; 10.858 ; 10.858 ; 10.858 ;
; SW[1]      ; LEDG[0]     ; 10.803 ; 10.803 ; 10.803 ; 10.803 ;
; SW[1]      ; LEDG[1]     ; 10.623 ; 10.623 ; 10.623 ; 10.623 ;
; SW[1]      ; LEDG[2]     ; 11.330 ; 11.330 ; 11.330 ; 11.330 ;
; SW[1]      ; LEDG[3]     ; 11.735 ; 11.735 ; 11.735 ; 11.735 ;
; SW[1]      ; LEDG[4]     ; 12.746 ;        ;        ; 12.746 ;
; SW[1]      ; LEDR[1]     ; 4.978  ;        ;        ; 4.978  ;
; SW[2]      ; GPO_1[1]    ; 11.610 ;        ;        ; 11.610 ;
; SW[2]      ; HEX0[0]     ; 6.971  ; 6.971  ; 6.971  ; 6.971  ;
; SW[2]      ; HEX0[1]     ; 6.986  ; 6.986  ; 6.986  ; 6.986  ;
; SW[2]      ; HEX0[2]     ; 7.344  ;        ;        ; 7.344  ;
; SW[2]      ; HEX0[3]     ; 7.000  ; 7.000  ; 7.000  ; 7.000  ;
; SW[2]      ; HEX0[4]     ;        ; 7.357  ; 7.357  ;        ;
; SW[2]      ; HEX0[5]     ; 7.350  ; 7.350  ; 7.350  ; 7.350  ;
; SW[2]      ; HEX0[6]     ; 7.385  ; 7.385  ; 7.385  ; 7.385  ;
; SW[2]      ; HEX2[0]     ; 9.887  ; 9.887  ; 9.887  ; 9.887  ;
; SW[2]      ; HEX2[1]     ; 9.694  ; 9.694  ; 9.694  ; 9.694  ;
; SW[2]      ; HEX2[2]     ; 9.736  ; 9.736  ; 9.736  ; 9.736  ;
; SW[2]      ; HEX2[3]     ; 9.735  ; 9.735  ; 9.735  ; 9.735  ;
; SW[2]      ; HEX2[4]     ; 9.901  ; 9.901  ; 9.901  ; 9.901  ;
; SW[2]      ; HEX2[5]     ; 10.000 ; 10.000 ; 10.000 ; 10.000 ;
; SW[2]      ; HEX2[6]     ; 10.061 ; 10.061 ; 10.061 ; 10.061 ;
; SW[2]      ; LEDG[1]     ; 9.819  ; 9.819  ; 9.819  ; 9.819  ;
; SW[2]      ; LEDG[2]     ; 10.533 ; 10.533 ; 10.533 ; 10.533 ;
; SW[2]      ; LEDG[3]     ; 10.938 ; 10.938 ; 10.938 ; 10.938 ;
; SW[2]      ; LEDG[4]     ; 11.949 ;        ;        ; 11.949 ;
; SW[2]      ; LEDR[2]     ; 5.387  ;        ;        ; 5.387  ;
; SW[3]      ; GPO_1[1]    ; 11.728 ;        ;        ; 11.728 ;
; SW[3]      ; HEX0[0]     ; 7.779  ; 7.779  ; 7.779  ; 7.779  ;
; SW[3]      ; HEX0[1]     ; 7.795  ;        ;        ; 7.795  ;
; SW[3]      ; HEX0[2]     ; 8.146  ; 8.146  ; 8.146  ; 8.146  ;
; SW[3]      ; HEX0[3]     ; 7.785  ; 7.785  ; 7.785  ; 7.785  ;
; SW[3]      ; HEX0[4]     ; 8.150  ; 8.150  ; 8.150  ; 8.150  ;
; SW[3]      ; HEX0[5]     ; 8.140  ; 8.140  ; 8.140  ; 8.140  ;
; SW[3]      ; HEX0[6]     ; 8.184  ; 8.184  ; 8.184  ; 8.184  ;
; SW[3]      ; HEX2[0]     ; 9.614  ; 9.614  ; 9.614  ; 9.614  ;
; SW[3]      ; HEX2[1]     ; 9.421  ; 9.421  ; 9.421  ; 9.421  ;
; SW[3]      ; HEX2[2]     ; 9.463  ; 9.463  ; 9.463  ; 9.463  ;
; SW[3]      ; HEX2[3]     ; 9.462  ; 9.462  ; 9.462  ; 9.462  ;
; SW[3]      ; HEX2[4]     ; 9.628  ; 9.628  ; 9.628  ; 9.628  ;
; SW[3]      ; HEX2[5]     ; 9.727  ; 9.727  ; 9.727  ; 9.727  ;
; SW[3]      ; HEX2[6]     ; 9.788  ; 9.788  ; 9.788  ; 9.788  ;
; SW[3]      ; LEDG[2]     ; 10.653 ; 10.653 ; 10.653 ; 10.653 ;
; SW[3]      ; LEDG[3]     ; 10.665 ; 10.665 ; 10.665 ; 10.665 ;
; SW[3]      ; LEDG[4]     ; 12.067 ;        ;        ; 12.067 ;
; SW[3]      ; LEDR[3]     ; 5.678  ;        ;        ; 5.678  ;
; SW[4]      ; GPO_1[1]    ; 10.924 ;        ;        ; 10.924 ;
; SW[4]      ; HEX0[0]     ; 7.233  ; 7.233  ; 7.233  ; 7.233  ;
; SW[4]      ; HEX0[1]     ; 7.251  ; 7.251  ; 7.251  ; 7.251  ;
; SW[4]      ; HEX0[2]     ; 7.609  ; 7.609  ; 7.609  ; 7.609  ;
; SW[4]      ; HEX0[3]     ; 7.267  ; 7.267  ; 7.267  ; 7.267  ;
; SW[4]      ; HEX0[4]     ;        ; 7.622  ; 7.622  ;        ;
; SW[4]      ; HEX0[5]     ; 7.617  ; 7.617  ; 7.617  ; 7.617  ;
; SW[4]      ; HEX0[6]     ; 7.649  ; 7.649  ; 7.649  ; 7.649  ;
; SW[4]      ; HEX2[0]     ; 9.746  ; 9.746  ; 9.746  ; 9.746  ;
; SW[4]      ; HEX2[1]     ; 9.553  ; 9.553  ; 9.553  ; 9.553  ;
; SW[4]      ; HEX2[2]     ; 9.595  ; 9.595  ; 9.595  ; 9.595  ;
; SW[4]      ; HEX2[3]     ; 9.594  ; 9.594  ; 9.594  ; 9.594  ;
; SW[4]      ; HEX2[4]     ; 9.760  ; 9.760  ; 9.760  ; 9.760  ;
; SW[4]      ; HEX2[5]     ; 9.859  ; 9.859  ; 9.859  ; 9.859  ;
; SW[4]      ; HEX2[6]     ; 9.920  ; 9.920  ; 9.920  ; 9.920  ;
; SW[4]      ; LEDG[3]     ; 10.797 ; 10.797 ; 10.797 ; 10.797 ;
; SW[4]      ; LEDG[4]     ; 11.263 ;        ;        ; 11.263 ;
; SW[4]      ; LEDR[4]     ; 5.305  ;        ;        ; 5.305  ;
; SW[5]      ; GPO_1[1]    ; 13.060 ;        ;        ; 13.060 ;
; SW[5]      ; HEX1[0]     ; 7.521  ; 7.521  ; 7.521  ; 7.521  ;
; SW[5]      ; HEX1[1]     ; 7.152  ; 7.152  ; 7.152  ; 7.152  ;
; SW[5]      ; HEX1[2]     ;        ; 7.150  ; 7.150  ;        ;
; SW[5]      ; HEX1[3]     ; 7.162  ; 7.162  ; 7.162  ; 7.162  ;
; SW[5]      ; HEX1[4]     ; 7.172  ;        ;        ; 7.172  ;
; SW[5]      ; HEX1[5]     ; 7.521  ;        ;        ; 7.521  ;
; SW[5]      ; HEX1[6]     ; 7.522  ; 7.522  ; 7.522  ; 7.522  ;
; SW[5]      ; HEX2[0]     ; 11.337 ; 11.337 ; 11.337 ; 11.337 ;
; SW[5]      ; HEX2[1]     ; 11.144 ; 11.144 ; 11.144 ; 11.144 ;
; SW[5]      ; HEX2[2]     ; 11.186 ; 11.186 ; 11.186 ; 11.186 ;
; SW[5]      ; HEX2[3]     ; 11.185 ; 11.185 ; 11.185 ; 11.185 ;
; SW[5]      ; HEX2[4]     ; 11.351 ; 11.351 ; 11.351 ; 11.351 ;
; SW[5]      ; HEX2[5]     ; 11.450 ; 11.450 ; 11.450 ; 11.450 ;
; SW[5]      ; HEX2[6]     ; 11.511 ; 11.511 ; 11.511 ; 11.511 ;
; SW[5]      ; LEDG[0]     ; 11.446 ; 11.446 ; 11.446 ; 11.446 ;
; SW[5]      ; LEDG[1]     ; 11.276 ; 11.276 ; 11.276 ; 11.276 ;
; SW[5]      ; LEDG[2]     ; 11.983 ; 11.983 ; 11.983 ; 11.983 ;
; SW[5]      ; LEDG[3]     ; 12.388 ; 12.388 ; 12.388 ; 12.388 ;
; SW[5]      ; LEDG[4]     ; 13.399 ;        ;        ; 13.399 ;
; SW[5]      ; LEDR[5]     ; 6.108  ;        ;        ; 6.108  ;
; SW[6]      ; GPO_1[1]    ; 12.326 ;        ;        ; 12.326 ;
; SW[6]      ; HEX1[0]     ; 7.269  ; 7.269  ; 7.269  ; 7.269  ;
; SW[6]      ; HEX1[1]     ; 6.891  ; 6.891  ; 6.891  ; 6.891  ;
; SW[6]      ; HEX1[2]     ; 6.891  ;        ;        ; 6.891  ;
; SW[6]      ; HEX1[3]     ; 6.898  ; 6.898  ; 6.898  ; 6.898  ;
; SW[6]      ; HEX1[4]     ;        ; 6.908  ; 6.908  ;        ;
; SW[6]      ; HEX1[5]     ; 7.273  ; 7.273  ; 7.273  ; 7.273  ;
; SW[6]      ; HEX1[6]     ; 7.272  ; 7.272  ; 7.272  ; 7.272  ;
; SW[6]      ; HEX2[0]     ; 10.603 ; 10.603 ; 10.603 ; 10.603 ;
; SW[6]      ; HEX2[1]     ; 10.410 ; 10.410 ; 10.410 ; 10.410 ;
; SW[6]      ; HEX2[2]     ; 10.452 ; 10.452 ; 10.452 ; 10.452 ;
; SW[6]      ; HEX2[3]     ; 10.451 ; 10.451 ; 10.451 ; 10.451 ;
; SW[6]      ; HEX2[4]     ; 10.617 ; 10.617 ; 10.617 ; 10.617 ;
; SW[6]      ; HEX2[5]     ; 10.716 ; 10.716 ; 10.716 ; 10.716 ;
; SW[6]      ; HEX2[6]     ; 10.777 ; 10.777 ; 10.777 ; 10.777 ;
; SW[6]      ; LEDG[1]     ; 10.541 ; 10.541 ; 10.541 ; 10.541 ;
; SW[6]      ; LEDG[2]     ; 11.249 ; 11.249 ; 11.249 ; 11.249 ;
; SW[6]      ; LEDG[3]     ; 11.654 ; 11.654 ; 11.654 ; 11.654 ;
; SW[6]      ; LEDG[4]     ; 12.665 ;        ;        ; 12.665 ;
; SW[6]      ; LEDR[6]     ; 5.136  ;        ;        ; 5.136  ;
; SW[7]      ; GPO_1[1]    ; 11.106 ;        ;        ; 11.106 ;
; SW[7]      ; HEX1[0]     ; 6.441  ; 6.441  ; 6.441  ; 6.441  ;
; SW[7]      ; HEX1[1]     ; 6.062  ;        ;        ; 6.062  ;
; SW[7]      ; HEX1[2]     ; 6.062  ; 6.062  ; 6.062  ; 6.062  ;
; SW[7]      ; HEX1[3]     ; 6.068  ; 6.068  ; 6.068  ; 6.068  ;
; SW[7]      ; HEX1[4]     ; 6.078  ; 6.078  ; 6.078  ; 6.078  ;
; SW[7]      ; HEX1[5]     ; 6.445  ; 6.445  ; 6.445  ; 6.445  ;
; SW[7]      ; HEX1[6]     ; 6.445  ; 6.445  ; 6.445  ; 6.445  ;
; SW[7]      ; HEX2[0]     ; 8.997  ; 8.997  ; 8.997  ; 8.997  ;
; SW[7]      ; HEX2[1]     ; 8.804  ; 8.804  ; 8.804  ; 8.804  ;
; SW[7]      ; HEX2[2]     ; 8.846  ; 8.846  ; 8.846  ; 8.846  ;
; SW[7]      ; HEX2[3]     ; 8.845  ; 8.845  ; 8.845  ; 8.845  ;
; SW[7]      ; HEX2[4]     ; 9.011  ; 9.011  ; 9.011  ; 9.011  ;
; SW[7]      ; HEX2[5]     ; 9.110  ; 9.110  ; 9.110  ; 9.110  ;
; SW[7]      ; HEX2[6]     ; 9.171  ; 9.171  ; 9.171  ; 9.171  ;
; SW[7]      ; LEDG[2]     ; 10.028 ; 10.028 ; 10.028 ; 10.028 ;
; SW[7]      ; LEDG[3]     ; 10.048 ; 10.048 ; 10.048 ; 10.048 ;
; SW[7]      ; LEDG[4]     ; 11.445 ;        ;        ; 11.445 ;
; SW[7]      ; LEDR[7]     ; 6.701  ;        ;        ; 6.701  ;
; SW[8]      ; GPO_1[1]    ; 10.687 ;        ;        ; 10.687 ;
; SW[8]      ; HEX1[0]     ; 6.722  ; 6.722  ; 6.722  ; 6.722  ;
; SW[8]      ; HEX1[1]     ; 6.339  ; 6.339  ; 6.339  ; 6.339  ;
; SW[8]      ; HEX1[2]     ; 6.340  ; 6.340  ; 6.340  ; 6.340  ;
; SW[8]      ; HEX1[3]     ; 6.318  ; 6.318  ; 6.318  ; 6.318  ;
; SW[8]      ; HEX1[4]     ;        ; 6.363  ; 6.363  ;        ;
; SW[8]      ; HEX1[5]     ; 6.727  ; 6.727  ; 6.727  ; 6.727  ;
; SW[8]      ; HEX1[6]     ; 6.727  ; 6.727  ; 6.727  ; 6.727  ;
; SW[8]      ; HEX2[0]     ; 9.125  ; 9.125  ; 9.125  ; 9.125  ;
; SW[8]      ; HEX2[1]     ; 8.932  ; 8.932  ; 8.932  ; 8.932  ;
; SW[8]      ; HEX2[2]     ; 8.974  ; 8.974  ; 8.974  ; 8.974  ;
; SW[8]      ; HEX2[3]     ; 8.973  ; 8.973  ; 8.973  ; 8.973  ;
; SW[8]      ; HEX2[4]     ; 9.139  ; 9.139  ; 9.139  ; 9.139  ;
; SW[8]      ; HEX2[5]     ; 9.238  ; 9.238  ; 9.238  ; 9.238  ;
; SW[8]      ; HEX2[6]     ; 9.299  ; 9.299  ; 9.299  ; 9.299  ;
; SW[8]      ; LEDG[3]     ; 10.176 ; 10.176 ; 10.176 ; 10.176 ;
; SW[8]      ; LEDG[4]     ; 11.026 ;        ;        ; 11.026 ;
; SW[8]      ; LEDR[8]     ; 6.342  ;        ;        ; 6.342  ;
+------------+-------------+--------+--------+--------+--------+


+--------------------------------------------------------------+
; Minimum Propagation Delay                                    ;
+------------+-------------+--------+--------+--------+--------+
; Input Port ; Output Port ; RR     ; RF     ; FR     ; FF     ;
+------------+-------------+--------+--------+--------+--------+
; SW[0]      ; GPO_1[0]    ; 5.908  ;        ;        ; 5.908  ;
; SW[0]      ; GPO_1[1]    ; 13.001 ;        ;        ; 13.001 ;
; SW[0]      ; HEX2[0]     ; 9.230  ; 9.230  ; 9.230  ; 9.230  ;
; SW[0]      ; HEX2[1]     ; 9.015  ; 9.015  ; 9.015  ; 9.015  ;
; SW[0]      ; HEX2[2]     ; 9.055  ; 9.055  ; 9.055  ; 9.055  ;
; SW[0]      ; HEX2[3]     ; 9.052  ; 9.052  ; 9.052  ; 9.052  ;
; SW[0]      ; HEX2[4]     ; 9.266  ; 9.266  ; 9.266  ; 9.266  ;
; SW[0]      ; HEX2[5]     ; 9.367  ; 9.367  ; 9.367  ; 9.367  ;
; SW[0]      ; HEX2[6]     ; 9.388  ; 9.388  ; 9.388  ; 9.388  ;
; SW[0]      ; LEDG[0]     ; 11.384 ; 11.384 ; 11.384 ; 11.384 ;
; SW[0]      ; LEDG[1]     ; 11.217 ; 11.217 ; 11.217 ; 11.217 ;
; SW[0]      ; LEDG[2]     ; 11.924 ; 11.924 ; 11.924 ; 11.924 ;
; SW[0]      ; LEDG[3]     ; 12.329 ; 12.329 ; 12.329 ; 12.329 ;
; SW[0]      ; LEDG[4]     ; 13.340 ;        ;        ; 13.340 ;
; SW[0]      ; LEDR[0]     ; 4.635  ;        ;        ; 4.635  ;
; SW[1]      ; GPO_1[1]    ; 12.407 ;        ;        ; 12.407 ;
; SW[1]      ; HEX0[0]     ; 7.356  ; 7.356  ; 7.356  ; 7.356  ;
; SW[1]      ; HEX0[1]     ; 7.368  ; 7.368  ; 7.368  ; 7.368  ;
; SW[1]      ; HEX0[2]     ;        ; 7.696  ; 7.696  ;        ;
; SW[1]      ; HEX0[3]     ; 7.365  ; 7.365  ; 7.365  ; 7.365  ;
; SW[1]      ; HEX0[4]     ; 7.729  ;        ;        ; 7.729  ;
; SW[1]      ; HEX0[5]     ; 7.719  ;        ;        ; 7.719  ;
; SW[1]      ; HEX0[6]     ; 7.762  ; 7.762  ; 7.762  ; 7.762  ;
; SW[1]      ; HEX2[0]     ; 8.649  ; 8.649  ; 8.649  ; 8.649  ;
; SW[1]      ; HEX2[1]     ; 8.434  ; 8.434  ; 8.434  ; 8.434  ;
; SW[1]      ; HEX2[2]     ; 8.474  ; 8.474  ; 8.474  ; 8.474  ;
; SW[1]      ; HEX2[3]     ; 8.471  ; 8.471  ; 8.471  ; 8.471  ;
; SW[1]      ; HEX2[4]     ; 8.685  ; 8.685  ; 8.685  ; 8.685  ;
; SW[1]      ; HEX2[5]     ; 8.786  ; 8.786  ; 8.786  ; 8.786  ;
; SW[1]      ; HEX2[6]     ; 8.807  ; 8.807  ; 8.807  ; 8.807  ;
; SW[1]      ; LEDG[0]     ; 10.803 ; 10.803 ; 10.803 ; 10.803 ;
; SW[1]      ; LEDG[1]     ; 10.623 ; 10.623 ; 10.623 ; 10.623 ;
; SW[1]      ; LEDG[2]     ; 11.330 ; 11.330 ; 11.330 ; 11.330 ;
; SW[1]      ; LEDG[3]     ; 11.735 ; 11.735 ; 11.735 ; 11.735 ;
; SW[1]      ; LEDG[4]     ; 12.746 ;        ;        ; 12.746 ;
; SW[1]      ; LEDR[1]     ; 4.978  ;        ;        ; 4.978  ;
; SW[2]      ; GPO_1[1]    ; 11.610 ;        ;        ; 11.610 ;
; SW[2]      ; HEX0[0]     ; 6.971  ; 6.971  ; 6.971  ; 6.971  ;
; SW[2]      ; HEX0[1]     ; 6.986  ; 6.986  ; 6.986  ; 6.986  ;
; SW[2]      ; HEX0[2]     ; 7.344  ;        ;        ; 7.344  ;
; SW[2]      ; HEX0[3]     ; 7.000  ; 7.000  ; 7.000  ; 7.000  ;
; SW[2]      ; HEX0[4]     ;        ; 7.357  ; 7.357  ;        ;
; SW[2]      ; HEX0[5]     ; 7.350  ; 7.350  ; 7.350  ; 7.350  ;
; SW[2]      ; HEX0[6]     ; 7.385  ; 7.385  ; 7.385  ; 7.385  ;
; SW[2]      ; HEX2[0]     ; 8.805  ; 8.805  ; 8.805  ; 8.805  ;
; SW[2]      ; HEX2[1]     ; 8.586  ; 8.586  ; 8.586  ; 8.586  ;
; SW[2]      ; HEX2[2]     ; 8.627  ; 8.627  ; 8.627  ; 8.627  ;
; SW[2]      ; HEX2[3]     ; 8.624  ; 8.624  ; 8.624  ; 8.624  ;
; SW[2]      ; HEX2[4]     ; 8.838  ; 8.838  ; 8.838  ; 8.838  ;
; SW[2]      ; HEX2[5]     ; 8.939  ; 8.939  ; 8.939  ; 8.939  ;
; SW[2]      ; HEX2[6]     ; 8.960  ; 8.960  ; 8.960  ; 8.960  ;
; SW[2]      ; LEDG[1]     ; 9.819  ; 9.819  ; 9.819  ; 9.819  ;
; SW[2]      ; LEDG[2]     ; 10.533 ; 10.533 ; 10.533 ; 10.533 ;
; SW[2]      ; LEDG[3]     ; 10.938 ; 10.938 ; 10.938 ; 10.938 ;
; SW[2]      ; LEDG[4]     ; 11.949 ;        ;        ; 11.949 ;
; SW[2]      ; LEDR[2]     ; 5.387  ;        ;        ; 5.387  ;
; SW[3]      ; GPO_1[1]    ; 11.728 ;        ;        ; 11.728 ;
; SW[3]      ; HEX0[0]     ; 7.779  ; 7.779  ; 7.779  ; 7.779  ;
; SW[3]      ; HEX0[1]     ; 7.795  ;        ;        ; 7.795  ;
; SW[3]      ; HEX0[2]     ; 8.146  ; 8.146  ; 8.146  ; 8.146  ;
; SW[3]      ; HEX0[3]     ; 7.785  ; 7.785  ; 7.785  ; 7.785  ;
; SW[3]      ; HEX0[4]     ; 8.150  ; 8.150  ; 8.150  ; 8.150  ;
; SW[3]      ; HEX0[5]     ; 8.140  ; 8.140  ; 8.140  ; 8.140  ;
; SW[3]      ; HEX0[6]     ; 8.184  ; 8.184  ; 8.184  ; 8.184  ;
; SW[3]      ; HEX2[0]     ; 9.584  ; 9.584  ; 9.584  ; 9.584  ;
; SW[3]      ; HEX2[1]     ; 9.367  ; 9.367  ; 9.367  ; 9.367  ;
; SW[3]      ; HEX2[2]     ; 9.406  ; 9.406  ; 9.406  ; 9.406  ;
; SW[3]      ; HEX2[3]     ; 9.402  ; 9.402  ; 9.402  ; 9.402  ;
; SW[3]      ; HEX2[4]     ; 9.600  ; 9.600  ; 9.600  ; 9.600  ;
; SW[3]      ; HEX2[5]     ; 9.673  ; 9.673  ; 9.673  ; 9.673  ;
; SW[3]      ; HEX2[6]     ; 9.730  ; 9.730  ; 9.730  ; 9.730  ;
; SW[3]      ; LEDG[2]     ; 10.653 ; 10.653 ; 10.653 ; 10.653 ;
; SW[3]      ; LEDG[3]     ; 10.665 ; 10.665 ; 10.665 ; 10.665 ;
; SW[3]      ; LEDG[4]     ; 12.067 ;        ;        ; 12.067 ;
; SW[3]      ; LEDR[3]     ; 5.678  ;        ;        ; 5.678  ;
; SW[4]      ; GPO_1[1]    ; 10.924 ;        ;        ; 10.924 ;
; SW[4]      ; HEX0[0]     ; 7.233  ; 7.233  ; 7.233  ; 7.233  ;
; SW[4]      ; HEX0[1]     ; 7.251  ; 7.251  ; 7.251  ; 7.251  ;
; SW[4]      ; HEX0[2]     ; 7.609  ; 7.609  ; 7.609  ; 7.609  ;
; SW[4]      ; HEX0[3]     ; 7.267  ; 7.267  ; 7.267  ; 7.267  ;
; SW[4]      ; HEX0[4]     ;        ; 7.622  ; 7.622  ;        ;
; SW[4]      ; HEX0[5]     ; 7.617  ; 7.617  ; 7.617  ; 7.617  ;
; SW[4]      ; HEX0[6]     ; 7.649  ; 7.649  ; 7.649  ; 7.649  ;
; SW[4]      ; HEX2[0]     ; 9.746  ; 9.746  ; 9.746  ; 9.746  ;
; SW[4]      ; HEX2[1]     ; 9.553  ; 9.553  ; 9.553  ; 9.553  ;
; SW[4]      ; HEX2[2]     ; 9.595  ; 9.595  ; 9.595  ; 9.595  ;
; SW[4]      ; HEX2[3]     ; 9.594  ; 9.594  ; 9.594  ; 9.594  ;
; SW[4]      ; HEX2[4]     ; 9.760  ; 9.760  ; 9.760  ; 9.760  ;
; SW[4]      ; HEX2[5]     ; 9.859  ; 9.859  ; 9.859  ; 9.859  ;
; SW[4]      ; HEX2[6]     ; 9.920  ; 9.920  ; 9.920  ; 9.920  ;
; SW[4]      ; LEDG[3]     ; 10.797 ; 10.797 ; 10.797 ; 10.797 ;
; SW[4]      ; LEDG[4]     ; 11.263 ;        ;        ; 11.263 ;
; SW[4]      ; LEDR[4]     ; 5.305  ;        ;        ; 5.305  ;
; SW[5]      ; GPO_1[1]    ; 13.060 ;        ;        ; 13.060 ;
; SW[5]      ; HEX1[0]     ; 7.521  ; 7.521  ; 7.521  ; 7.521  ;
; SW[5]      ; HEX1[1]     ; 7.152  ; 7.152  ; 7.152  ; 7.152  ;
; SW[5]      ; HEX1[2]     ;        ; 7.150  ; 7.150  ;        ;
; SW[5]      ; HEX1[3]     ; 7.162  ; 7.162  ; 7.162  ; 7.162  ;
; SW[5]      ; HEX1[4]     ; 7.172  ;        ;        ; 7.172  ;
; SW[5]      ; HEX1[5]     ; 7.521  ;        ;        ; 7.521  ;
; SW[5]      ; HEX1[6]     ; 7.522  ; 7.522  ; 7.522  ; 7.522  ;
; SW[5]      ; HEX2[0]     ; 9.292  ; 9.292  ; 9.292  ; 9.292  ;
; SW[5]      ; HEX2[1]     ; 9.077  ; 9.077  ; 9.077  ; 9.077  ;
; SW[5]      ; HEX2[2]     ; 9.117  ; 9.117  ; 9.117  ; 9.117  ;
; SW[5]      ; HEX2[3]     ; 9.114  ; 9.114  ; 9.114  ; 9.114  ;
; SW[5]      ; HEX2[4]     ; 9.328  ; 9.328  ; 9.328  ; 9.328  ;
; SW[5]      ; HEX2[5]     ; 9.429  ; 9.429  ; 9.429  ; 9.429  ;
; SW[5]      ; HEX2[6]     ; 9.450  ; 9.450  ; 9.450  ; 9.450  ;
; SW[5]      ; LEDG[0]     ; 11.446 ; 11.446 ; 11.446 ; 11.446 ;
; SW[5]      ; LEDG[1]     ; 11.276 ; 11.276 ; 11.276 ; 11.276 ;
; SW[5]      ; LEDG[2]     ; 11.983 ; 11.983 ; 11.983 ; 11.983 ;
; SW[5]      ; LEDG[3]     ; 12.388 ; 12.388 ; 12.388 ; 12.388 ;
; SW[5]      ; LEDG[4]     ; 13.399 ;        ;        ; 13.399 ;
; SW[5]      ; LEDR[5]     ; 6.108  ;        ;        ; 6.108  ;
; SW[6]      ; GPO_1[1]    ; 12.326 ;        ;        ; 12.326 ;
; SW[6]      ; HEX1[0]     ; 7.269  ; 7.269  ; 7.269  ; 7.269  ;
; SW[6]      ; HEX1[1]     ; 6.891  ; 6.891  ; 6.891  ; 6.891  ;
; SW[6]      ; HEX1[2]     ; 6.891  ;        ;        ; 6.891  ;
; SW[6]      ; HEX1[3]     ; 6.898  ; 6.898  ; 6.898  ; 6.898  ;
; SW[6]      ; HEX1[4]     ;        ; 6.908  ; 6.908  ;        ;
; SW[6]      ; HEX1[5]     ; 7.273  ; 7.273  ; 7.273  ; 7.273  ;
; SW[6]      ; HEX1[6]     ; 7.272  ; 7.272  ; 7.272  ; 7.272  ;
; SW[6]      ; HEX2[0]     ; 9.527  ; 9.527  ; 9.527  ; 9.527  ;
; SW[6]      ; HEX2[1]     ; 9.308  ; 9.308  ; 9.308  ; 9.308  ;
; SW[6]      ; HEX2[2]     ; 9.349  ; 9.349  ; 9.349  ; 9.349  ;
; SW[6]      ; HEX2[3]     ; 9.346  ; 9.346  ; 9.346  ; 9.346  ;
; SW[6]      ; HEX2[4]     ; 9.560  ; 9.560  ; 9.560  ; 9.560  ;
; SW[6]      ; HEX2[5]     ; 9.661  ; 9.661  ; 9.661  ; 9.661  ;
; SW[6]      ; HEX2[6]     ; 9.682  ; 9.682  ; 9.682  ; 9.682  ;
; SW[6]      ; LEDG[1]     ; 10.541 ; 10.541 ; 10.541 ; 10.541 ;
; SW[6]      ; LEDG[2]     ; 11.249 ; 11.249 ; 11.249 ; 11.249 ;
; SW[6]      ; LEDG[3]     ; 11.654 ; 11.654 ; 11.654 ; 11.654 ;
; SW[6]      ; LEDG[4]     ; 12.665 ;        ;        ; 12.665 ;
; SW[6]      ; LEDR[6]     ; 5.136  ;        ;        ; 5.136  ;
; SW[7]      ; GPO_1[1]    ; 11.106 ;        ;        ; 11.106 ;
; SW[7]      ; HEX1[0]     ; 6.441  ; 6.441  ; 6.441  ; 6.441  ;
; SW[7]      ; HEX1[1]     ; 6.062  ;        ;        ; 6.062  ;
; SW[7]      ; HEX1[2]     ; 6.062  ; 6.062  ; 6.062  ; 6.062  ;
; SW[7]      ; HEX1[3]     ; 6.068  ; 6.068  ; 6.068  ; 6.068  ;
; SW[7]      ; HEX1[4]     ; 6.078  ; 6.078  ; 6.078  ; 6.078  ;
; SW[7]      ; HEX1[5]     ; 6.445  ; 6.445  ; 6.445  ; 6.445  ;
; SW[7]      ; HEX1[6]     ; 6.445  ; 6.445  ; 6.445  ; 6.445  ;
; SW[7]      ; HEX2[0]     ; 8.959  ; 8.959  ; 8.959  ; 8.959  ;
; SW[7]      ; HEX2[1]     ; 8.742  ; 8.742  ; 8.742  ; 8.742  ;
; SW[7]      ; HEX2[2]     ; 8.781  ; 8.781  ; 8.781  ; 8.781  ;
; SW[7]      ; HEX2[3]     ; 8.777  ; 8.777  ; 8.777  ; 8.777  ;
; SW[7]      ; HEX2[4]     ; 8.975  ; 8.975  ; 8.975  ; 8.975  ;
; SW[7]      ; HEX2[5]     ; 9.048  ; 9.048  ; 9.048  ; 9.048  ;
; SW[7]      ; HEX2[6]     ; 9.105  ; 9.105  ; 9.105  ; 9.105  ;
; SW[7]      ; LEDG[2]     ; 10.028 ; 10.028 ; 10.028 ; 10.028 ;
; SW[7]      ; LEDG[3]     ; 10.048 ; 10.048 ; 10.048 ; 10.048 ;
; SW[7]      ; LEDG[4]     ; 11.445 ;        ;        ; 11.445 ;
; SW[7]      ; LEDR[7]     ; 6.701  ;        ;        ; 6.701  ;
; SW[8]      ; GPO_1[1]    ; 10.687 ;        ;        ; 10.687 ;
; SW[8]      ; HEX1[0]     ; 6.722  ; 6.722  ; 6.722  ; 6.722  ;
; SW[8]      ; HEX1[1]     ; 6.339  ; 6.339  ; 6.339  ; 6.339  ;
; SW[8]      ; HEX1[2]     ; 6.340  ; 6.340  ; 6.340  ; 6.340  ;
; SW[8]      ; HEX1[3]     ; 6.318  ; 6.318  ; 6.318  ; 6.318  ;
; SW[8]      ; HEX1[4]     ;        ; 6.363  ; 6.363  ;        ;
; SW[8]      ; HEX1[5]     ; 6.727  ; 6.727  ; 6.727  ; 6.727  ;
; SW[8]      ; HEX1[6]     ; 6.727  ; 6.727  ; 6.727  ; 6.727  ;
; SW[8]      ; HEX2[0]     ; 9.125  ; 9.125  ; 9.125  ; 9.125  ;
; SW[8]      ; HEX2[1]     ; 8.932  ; 8.932  ; 8.932  ; 8.932  ;
; SW[8]      ; HEX2[2]     ; 8.974  ; 8.974  ; 8.974  ; 8.974  ;
; SW[8]      ; HEX2[3]     ; 8.973  ; 8.973  ; 8.973  ; 8.973  ;
; SW[8]      ; HEX2[4]     ; 9.139  ; 9.139  ; 9.139  ; 9.139  ;
; SW[8]      ; HEX2[5]     ; 9.238  ; 9.238  ; 9.238  ; 9.238  ;
; SW[8]      ; HEX2[6]     ; 9.299  ; 9.299  ; 9.299  ; 9.299  ;
; SW[8]      ; LEDG[3]     ; 10.176 ; 10.176 ; 10.176 ; 10.176 ;
; SW[8]      ; LEDG[4]     ; 11.026 ;        ;        ; 11.026 ;
; SW[8]      ; LEDR[8]     ; 6.342  ;        ;        ; 6.342  ;
+------------+-------------+--------+--------+--------+--------+


----------------------------
; Fast Model Setup Summary ;
----------------------------
No paths to report.


---------------------------
; Fast Model Hold Summary ;
---------------------------
No paths to report.


-------------------------------
; Fast Model Recovery Summary ;
-------------------------------
No paths to report.


------------------------------
; Fast Model Removal Summary ;
------------------------------
No paths to report.


------------------------------------------
; Fast Model Minimum Pulse Width Summary ;
------------------------------------------
No paths to report.


+----------------------------------------------------------+
; Propagation Delay                                        ;
+------------+-------------+-------+-------+-------+-------+
; Input Port ; Output Port ; RR    ; RF    ; FR    ; FF    ;
+------------+-------------+-------+-------+-------+-------+
; SW[0]      ; GPO_1[0]    ; 2.885 ;       ;       ; 2.885 ;
; SW[0]      ; GPO_1[1]    ; 5.713 ;       ;       ; 5.713 ;
; SW[0]      ; HEX2[0]     ; 4.781 ; 4.781 ; 4.781 ; 4.781 ;
; SW[0]      ; HEX2[1]     ; 4.705 ; 4.705 ; 4.705 ; 4.705 ;
; SW[0]      ; HEX2[2]     ; 4.752 ; 4.752 ; 4.752 ; 4.752 ;
; SW[0]      ; HEX2[3]     ; 4.745 ; 4.745 ; 4.745 ; 4.745 ;
; SW[0]      ; HEX2[4]     ; 4.799 ; 4.799 ; 4.799 ; 4.799 ;
; SW[0]      ; HEX2[5]     ; 4.837 ; 4.837 ; 4.837 ; 4.837 ;
; SW[0]      ; HEX2[6]     ; 4.857 ; 4.857 ; 4.857 ; 4.857 ;
; SW[0]      ; LEDG[0]     ; 5.116 ; 5.116 ; 5.116 ; 5.116 ;
; SW[0]      ; LEDG[1]     ; 4.919 ; 4.919 ; 4.919 ; 4.919 ;
; SW[0]      ; LEDG[2]     ; 5.239 ; 5.239 ; 5.239 ; 5.239 ;
; SW[0]      ; LEDG[3]     ; 5.294 ; 5.294 ; 5.294 ; 5.294 ;
; SW[0]      ; LEDG[4]     ; 5.778 ;       ;       ; 5.778 ;
; SW[0]      ; LEDR[0]     ; 2.289 ;       ;       ; 2.289 ;
; SW[1]      ; GPO_1[1]    ; 5.508 ;       ;       ; 5.508 ;
; SW[1]      ; HEX0[0]     ; 3.377 ; 3.377 ; 3.377 ; 3.377 ;
; SW[1]      ; HEX0[1]     ; 3.392 ; 3.392 ; 3.392 ; 3.392 ;
; SW[1]      ; HEX0[2]     ;       ; 3.529 ; 3.529 ;       ;
; SW[1]      ; HEX0[3]     ; 3.384 ; 3.384 ; 3.384 ; 3.384 ;
; SW[1]      ; HEX0[4]     ; 3.543 ;       ;       ; 3.543 ;
; SW[1]      ; HEX0[5]     ; 3.528 ;       ;       ; 3.528 ;
; SW[1]      ; HEX0[6]     ; 3.551 ; 3.551 ; 3.551 ; 3.551 ;
; SW[1]      ; HEX2[0]     ; 4.576 ; 4.576 ; 4.576 ; 4.576 ;
; SW[1]      ; HEX2[1]     ; 4.500 ; 4.500 ; 4.500 ; 4.500 ;
; SW[1]      ; HEX2[2]     ; 4.547 ; 4.547 ; 4.547 ; 4.547 ;
; SW[1]      ; HEX2[3]     ; 4.540 ; 4.540 ; 4.540 ; 4.540 ;
; SW[1]      ; HEX2[4]     ; 4.594 ; 4.594 ; 4.594 ; 4.594 ;
; SW[1]      ; HEX2[5]     ; 4.632 ; 4.632 ; 4.632 ; 4.632 ;
; SW[1]      ; HEX2[6]     ; 4.652 ; 4.652 ; 4.652 ; 4.652 ;
; SW[1]      ; LEDG[0]     ; 4.925 ; 4.925 ; 4.925 ; 4.925 ;
; SW[1]      ; LEDG[1]     ; 4.714 ; 4.714 ; 4.714 ; 4.714 ;
; SW[1]      ; LEDG[2]     ; 5.034 ; 5.034 ; 5.034 ; 5.034 ;
; SW[1]      ; LEDG[3]     ; 5.089 ; 5.089 ; 5.089 ; 5.089 ;
; SW[1]      ; LEDG[4]     ; 5.573 ;       ;       ; 5.573 ;
; SW[1]      ; LEDR[1]     ; 2.423 ;       ;       ; 2.423 ;
; SW[2]      ; GPO_1[1]    ; 5.250 ;       ;       ; 5.250 ;
; SW[2]      ; HEX0[0]     ; 3.246 ; 3.246 ; 3.246 ; 3.246 ;
; SW[2]      ; HEX0[1]     ; 3.269 ; 3.269 ; 3.269 ; 3.269 ;
; SW[2]      ; HEX0[2]     ; 3.406 ;       ;       ; 3.406 ;
; SW[2]      ; HEX0[3]     ; 3.279 ; 3.279 ; 3.279 ; 3.279 ;
; SW[2]      ; HEX0[4]     ;       ; 3.425 ; 3.425 ;       ;
; SW[2]      ; HEX0[5]     ; 3.422 ; 3.422 ; 3.422 ; 3.422 ;
; SW[2]      ; HEX0[6]     ; 3.437 ; 3.437 ; 3.437 ; 3.437 ;
; SW[2]      ; HEX2[0]     ; 4.318 ; 4.318 ; 4.318 ; 4.318 ;
; SW[2]      ; HEX2[1]     ; 4.242 ; 4.242 ; 4.242 ; 4.242 ;
; SW[2]      ; HEX2[2]     ; 4.289 ; 4.289 ; 4.289 ; 4.289 ;
; SW[2]      ; HEX2[3]     ; 4.282 ; 4.282 ; 4.282 ; 4.282 ;
; SW[2]      ; HEX2[4]     ; 4.336 ; 4.336 ; 4.336 ; 4.336 ;
; SW[2]      ; HEX2[5]     ; 4.374 ; 4.374 ; 4.374 ; 4.374 ;
; SW[2]      ; HEX2[6]     ; 4.394 ; 4.394 ; 4.394 ; 4.394 ;
; SW[2]      ; LEDG[1]     ; 4.450 ; 4.450 ; 4.450 ; 4.450 ;
; SW[2]      ; LEDG[2]     ; 4.776 ; 4.776 ; 4.776 ; 4.776 ;
; SW[2]      ; LEDG[3]     ; 4.831 ; 4.831 ; 4.831 ; 4.831 ;
; SW[2]      ; LEDG[4]     ; 5.315 ;       ;       ; 5.315 ;
; SW[2]      ; LEDR[2]     ; 2.611 ;       ;       ; 2.611 ;
; SW[3]      ; GPO_1[1]    ; 5.316 ;       ;       ; 5.316 ;
; SW[3]      ; HEX0[0]     ; 3.565 ; 3.565 ; 3.565 ; 3.565 ;
; SW[3]      ; HEX0[1]     ; 3.588 ;       ;       ; 3.588 ;
; SW[3]      ; HEX0[2]     ; 3.721 ; 3.721 ; 3.721 ; 3.721 ;
; SW[3]      ; HEX0[3]     ; 3.579 ; 3.579 ; 3.579 ; 3.579 ;
; SW[3]      ; HEX0[4]     ; 3.733 ; 3.733 ; 3.733 ; 3.733 ;
; SW[3]      ; HEX0[5]     ; 3.721 ; 3.721 ; 3.721 ; 3.721 ;
; SW[3]      ; HEX0[6]     ; 3.744 ; 3.744 ; 3.744 ; 3.744 ;
; SW[3]      ; HEX2[0]     ; 4.255 ; 4.255 ; 4.255 ; 4.255 ;
; SW[3]      ; HEX2[1]     ; 4.179 ; 4.179 ; 4.179 ; 4.179 ;
; SW[3]      ; HEX2[2]     ; 4.226 ; 4.226 ; 4.226 ; 4.226 ;
; SW[3]      ; HEX2[3]     ; 4.219 ; 4.219 ; 4.219 ; 4.219 ;
; SW[3]      ; HEX2[4]     ; 4.273 ; 4.273 ; 4.273 ; 4.273 ;
; SW[3]      ; HEX2[5]     ; 4.311 ; 4.311 ; 4.311 ; 4.311 ;
; SW[3]      ; HEX2[6]     ; 4.331 ; 4.331 ; 4.331 ; 4.331 ;
; SW[3]      ; LEDG[2]     ; 4.844 ; 4.844 ; 4.844 ; 4.844 ;
; SW[3]      ; LEDG[3]     ; 4.768 ; 4.768 ; 4.768 ; 4.768 ;
; SW[3]      ; LEDG[4]     ; 5.381 ;       ;       ; 5.381 ;
; SW[3]      ; LEDR[3]     ; 2.776 ;       ;       ; 2.776 ;
; SW[4]      ; GPO_1[1]    ; 5.053 ;       ;       ; 5.053 ;
; SW[4]      ; HEX0[0]     ; 3.383 ; 3.383 ; 3.383 ; 3.383 ;
; SW[4]      ; HEX0[1]     ; 3.404 ; 3.404 ; 3.404 ; 3.404 ;
; SW[4]      ; HEX0[2]     ; 3.542 ; 3.542 ; 3.542 ; 3.542 ;
; SW[4]      ; HEX0[3]     ; 3.418 ; 3.418 ; 3.418 ; 3.418 ;
; SW[4]      ; HEX0[4]     ;       ; 3.563 ; 3.563 ;       ;
; SW[4]      ; HEX0[5]     ; 3.560 ; 3.560 ; 3.560 ; 3.560 ;
; SW[4]      ; HEX0[6]     ; 3.576 ; 3.576 ; 3.576 ; 3.576 ;
; SW[4]      ; HEX2[0]     ; 4.316 ; 4.316 ; 4.316 ; 4.316 ;
; SW[4]      ; HEX2[1]     ; 4.240 ; 4.240 ; 4.240 ; 4.240 ;
; SW[4]      ; HEX2[2]     ; 4.287 ; 4.287 ; 4.287 ; 4.287 ;
; SW[4]      ; HEX2[3]     ; 4.280 ; 4.280 ; 4.280 ; 4.280 ;
; SW[4]      ; HEX2[4]     ; 4.334 ; 4.334 ; 4.334 ; 4.334 ;
; SW[4]      ; HEX2[5]     ; 4.372 ; 4.372 ; 4.372 ; 4.372 ;
; SW[4]      ; HEX2[6]     ; 4.392 ; 4.392 ; 4.392 ; 4.392 ;
; SW[4]      ; LEDG[3]     ; 4.829 ; 4.829 ; 4.829 ; 4.829 ;
; SW[4]      ; LEDG[4]     ; 5.118 ;       ;       ; 5.118 ;
; SW[4]      ; LEDR[4]     ; 2.626 ;       ;       ; 2.626 ;
; SW[5]      ; GPO_1[1]    ; 5.810 ;       ;       ; 5.810 ;
; SW[5]      ; HEX1[0]     ; 3.555 ; 3.555 ; 3.555 ; 3.555 ;
; SW[5]      ; HEX1[1]     ; 3.393 ; 3.393 ; 3.393 ; 3.393 ;
; SW[5]      ; HEX1[2]     ;       ; 3.394 ; 3.394 ;       ;
; SW[5]      ; HEX1[3]     ; 3.404 ; 3.404 ; 3.404 ; 3.404 ;
; SW[5]      ; HEX1[4]     ; 3.419 ;       ;       ; 3.419 ;
; SW[5]      ; HEX1[5]     ; 3.549 ;       ;       ; 3.549 ;
; SW[5]      ; HEX1[6]     ; 3.550 ; 3.550 ; 3.550 ; 3.550 ;
; SW[5]      ; HEX2[0]     ; 4.878 ; 4.878 ; 4.878 ; 4.878 ;
; SW[5]      ; HEX2[1]     ; 4.802 ; 4.802 ; 4.802 ; 4.802 ;
; SW[5]      ; HEX2[2]     ; 4.849 ; 4.849 ; 4.849 ; 4.849 ;
; SW[5]      ; HEX2[3]     ; 4.842 ; 4.842 ; 4.842 ; 4.842 ;
; SW[5]      ; HEX2[4]     ; 4.896 ; 4.896 ; 4.896 ; 4.896 ;
; SW[5]      ; HEX2[5]     ; 4.934 ; 4.934 ; 4.934 ; 4.934 ;
; SW[5]      ; HEX2[6]     ; 4.954 ; 4.954 ; 4.954 ; 4.954 ;
; SW[5]      ; LEDG[0]     ; 5.212 ; 5.212 ; 5.212 ; 5.212 ;
; SW[5]      ; LEDG[1]     ; 5.016 ; 5.016 ; 5.016 ; 5.016 ;
; SW[5]      ; LEDG[2]     ; 5.336 ; 5.336 ; 5.336 ; 5.336 ;
; SW[5]      ; LEDG[3]     ; 5.391 ; 5.391 ; 5.391 ; 5.391 ;
; SW[5]      ; LEDG[4]     ; 5.875 ;       ;       ; 5.875 ;
; SW[5]      ; LEDR[5]     ; 2.981 ;       ;       ; 2.981 ;
; SW[6]      ; GPO_1[1]    ; 5.506 ;       ;       ; 5.506 ;
; SW[6]      ; HEX1[0]     ; 3.415 ; 3.415 ; 3.415 ; 3.415 ;
; SW[6]      ; HEX1[1]     ; 3.250 ; 3.250 ; 3.250 ; 3.250 ;
; SW[6]      ; HEX1[2]     ; 3.249 ;       ;       ; 3.249 ;
; SW[6]      ; HEX1[3]     ; 3.257 ; 3.257 ; 3.257 ; 3.257 ;
; SW[6]      ; HEX1[4]     ;       ; 3.267 ; 3.267 ;       ;
; SW[6]      ; HEX1[5]     ; 3.418 ; 3.418 ; 3.418 ; 3.418 ;
; SW[6]      ; HEX1[6]     ; 3.418 ; 3.418 ; 3.418 ; 3.418 ;
; SW[6]      ; HEX2[0]     ; 4.574 ; 4.574 ; 4.574 ; 4.574 ;
; SW[6]      ; HEX2[1]     ; 4.498 ; 4.498 ; 4.498 ; 4.498 ;
; SW[6]      ; HEX2[2]     ; 4.545 ; 4.545 ; 4.545 ; 4.545 ;
; SW[6]      ; HEX2[3]     ; 4.538 ; 4.538 ; 4.538 ; 4.538 ;
; SW[6]      ; HEX2[4]     ; 4.592 ; 4.592 ; 4.592 ; 4.592 ;
; SW[6]      ; HEX2[5]     ; 4.630 ; 4.630 ; 4.630 ; 4.630 ;
; SW[6]      ; HEX2[6]     ; 4.650 ; 4.650 ; 4.650 ; 4.650 ;
; SW[6]      ; LEDG[1]     ; 4.708 ; 4.708 ; 4.708 ; 4.708 ;
; SW[6]      ; LEDG[2]     ; 5.032 ; 5.032 ; 5.032 ; 5.032 ;
; SW[6]      ; LEDG[3]     ; 5.087 ; 5.087 ; 5.087 ; 5.087 ;
; SW[6]      ; LEDG[4]     ; 5.571 ;       ;       ; 5.571 ;
; SW[6]      ; LEDR[6]     ; 2.511 ;       ;       ; 2.511 ;
; SW[7]      ; GPO_1[1]    ; 4.959 ;       ;       ; 4.959 ;
; SW[7]      ; HEX1[0]     ; 3.038 ; 3.038 ; 3.038 ; 3.038 ;
; SW[7]      ; HEX1[1]     ; 2.871 ;       ;       ; 2.871 ;
; SW[7]      ; HEX1[2]     ; 2.868 ; 2.868 ; 2.868 ; 2.868 ;
; SW[7]      ; HEX1[3]     ; 2.882 ; 2.882 ; 2.882 ; 2.882 ;
; SW[7]      ; HEX1[4]     ; 2.889 ; 2.889 ; 2.889 ; 2.889 ;
; SW[7]      ; HEX1[5]     ; 3.037 ; 3.037 ; 3.037 ; 3.037 ;
; SW[7]      ; HEX1[6]     ; 3.037 ; 3.037 ; 3.037 ; 3.037 ;
; SW[7]      ; HEX2[0]     ; 3.901 ; 3.901 ; 3.901 ; 3.901 ;
; SW[7]      ; HEX2[1]     ; 3.825 ; 3.825 ; 3.825 ; 3.825 ;
; SW[7]      ; HEX2[2]     ; 3.872 ; 3.872 ; 3.872 ; 3.872 ;
; SW[7]      ; HEX2[3]     ; 3.865 ; 3.865 ; 3.865 ; 3.865 ;
; SW[7]      ; HEX2[4]     ; 3.919 ; 3.919 ; 3.919 ; 3.919 ;
; SW[7]      ; HEX2[5]     ; 3.957 ; 3.957 ; 3.957 ; 3.957 ;
; SW[7]      ; HEX2[6]     ; 3.977 ; 3.977 ; 3.977 ; 3.977 ;
; SW[7]      ; LEDG[2]     ; 4.482 ; 4.482 ; 4.482 ; 4.482 ;
; SW[7]      ; LEDG[3]     ; 4.414 ; 4.414 ; 4.414 ; 4.414 ;
; SW[7]      ; LEDG[4]     ; 5.024 ;       ;       ; 5.024 ;
; SW[7]      ; LEDR[7]     ; 3.252 ;       ;       ; 3.252 ;
; SW[8]      ; GPO_1[1]    ; 4.815 ;       ;       ; 4.815 ;
; SW[8]      ; HEX1[0]     ; 3.136 ; 3.136 ; 3.136 ; 3.136 ;
; SW[8]      ; HEX1[1]     ; 2.962 ; 2.962 ; 2.962 ; 2.962 ;
; SW[8]      ; HEX1[2]     ; 2.962 ; 2.962 ; 2.962 ; 2.962 ;
; SW[8]      ; HEX1[3]     ; 2.970 ; 2.970 ; 2.970 ; 2.970 ;
; SW[8]      ; HEX1[4]     ;       ; 2.980 ; 2.980 ;       ;
; SW[8]      ; HEX1[5]     ; 3.131 ; 3.131 ; 3.131 ; 3.131 ;
; SW[8]      ; HEX1[6]     ; 3.131 ; 3.131 ; 3.131 ; 3.131 ;
; SW[8]      ; HEX2[0]     ; 3.957 ; 3.957 ; 3.957 ; 3.957 ;
; SW[8]      ; HEX2[1]     ; 3.881 ; 3.881 ; 3.881 ; 3.881 ;
; SW[8]      ; HEX2[2]     ; 3.928 ; 3.928 ; 3.928 ; 3.928 ;
; SW[8]      ; HEX2[3]     ; 3.921 ; 3.921 ; 3.921 ; 3.921 ;
; SW[8]      ; HEX2[4]     ; 3.975 ; 3.975 ; 3.975 ; 3.975 ;
; SW[8]      ; HEX2[5]     ; 4.013 ; 4.013 ; 4.013 ; 4.013 ;
; SW[8]      ; HEX2[6]     ; 4.033 ; 4.033 ; 4.033 ; 4.033 ;
; SW[8]      ; LEDG[3]     ; 4.470 ; 4.470 ; 4.470 ; 4.470 ;
; SW[8]      ; LEDG[4]     ; 4.880 ;       ;       ; 4.880 ;
; SW[8]      ; LEDR[8]     ; 3.015 ;       ;       ; 3.015 ;
+------------+-------------+-------+-------+-------+-------+


+----------------------------------------------------------+
; Minimum Propagation Delay                                ;
+------------+-------------+-------+-------+-------+-------+
; Input Port ; Output Port ; RR    ; RF    ; FR    ; FF    ;
+------------+-------------+-------+-------+-------+-------+
; SW[0]      ; GPO_1[0]    ; 2.885 ;       ;       ; 2.885 ;
; SW[0]      ; GPO_1[1]    ; 5.713 ;       ;       ; 5.713 ;
; SW[0]      ; HEX2[0]     ; 4.069 ; 4.069 ; 4.069 ; 4.069 ;
; SW[0]      ; HEX2[1]     ; 3.999 ; 3.999 ; 3.999 ; 3.999 ;
; SW[0]      ; HEX2[2]     ; 4.039 ; 4.039 ; 4.039 ; 4.039 ;
; SW[0]      ; HEX2[3]     ; 4.037 ; 4.037 ; 4.037 ; 4.037 ;
; SW[0]      ; HEX2[4]     ; 4.100 ; 4.100 ; 4.100 ; 4.100 ;
; SW[0]      ; HEX2[5]     ; 4.139 ; 4.139 ; 4.139 ; 4.139 ;
; SW[0]      ; HEX2[6]     ; 4.158 ; 4.158 ; 4.158 ; 4.158 ;
; SW[0]      ; LEDG[0]     ; 5.116 ; 5.116 ; 5.116 ; 5.116 ;
; SW[0]      ; LEDG[1]     ; 4.919 ; 4.919 ; 4.919 ; 4.919 ;
; SW[0]      ; LEDG[2]     ; 5.239 ; 5.239 ; 5.239 ; 5.239 ;
; SW[0]      ; LEDG[3]     ; 5.294 ; 5.294 ; 5.294 ; 5.294 ;
; SW[0]      ; LEDG[4]     ; 5.778 ;       ;       ; 5.778 ;
; SW[0]      ; LEDR[0]     ; 2.289 ;       ;       ; 2.289 ;
; SW[1]      ; GPO_1[1]    ; 5.508 ;       ;       ; 5.508 ;
; SW[1]      ; HEX0[0]     ; 3.377 ; 3.377 ; 3.377 ; 3.377 ;
; SW[1]      ; HEX0[1]     ; 3.392 ; 3.392 ; 3.392 ; 3.392 ;
; SW[1]      ; HEX0[2]     ;       ; 3.529 ; 3.529 ;       ;
; SW[1]      ; HEX0[3]     ; 3.384 ; 3.384 ; 3.384 ; 3.384 ;
; SW[1]      ; HEX0[4]     ; 3.543 ;       ;       ; 3.543 ;
; SW[1]      ; HEX0[5]     ; 3.528 ;       ;       ; 3.528 ;
; SW[1]      ; HEX0[6]     ; 3.551 ; 3.551 ; 3.551 ; 3.551 ;
; SW[1]      ; HEX2[0]     ; 3.878 ; 3.878 ; 3.878 ; 3.878 ;
; SW[1]      ; HEX2[1]     ; 3.808 ; 3.808 ; 3.808 ; 3.808 ;
; SW[1]      ; HEX2[2]     ; 3.848 ; 3.848 ; 3.848 ; 3.848 ;
; SW[1]      ; HEX2[3]     ; 3.846 ; 3.846 ; 3.846 ; 3.846 ;
; SW[1]      ; HEX2[4]     ; 3.909 ; 3.909 ; 3.909 ; 3.909 ;
; SW[1]      ; HEX2[5]     ; 3.948 ; 3.948 ; 3.948 ; 3.948 ;
; SW[1]      ; HEX2[6]     ; 3.967 ; 3.967 ; 3.967 ; 3.967 ;
; SW[1]      ; LEDG[0]     ; 4.925 ; 4.925 ; 4.925 ; 4.925 ;
; SW[1]      ; LEDG[1]     ; 4.714 ; 4.714 ; 4.714 ; 4.714 ;
; SW[1]      ; LEDG[2]     ; 5.034 ; 5.034 ; 5.034 ; 5.034 ;
; SW[1]      ; LEDG[3]     ; 5.089 ; 5.089 ; 5.089 ; 5.089 ;
; SW[1]      ; LEDG[4]     ; 5.573 ;       ;       ; 5.573 ;
; SW[1]      ; LEDR[1]     ; 2.423 ;       ;       ; 2.423 ;
; SW[2]      ; GPO_1[1]    ; 5.250 ;       ;       ; 5.250 ;
; SW[2]      ; HEX0[0]     ; 3.246 ; 3.246 ; 3.246 ; 3.246 ;
; SW[2]      ; HEX0[1]     ; 3.269 ; 3.269 ; 3.269 ; 3.269 ;
; SW[2]      ; HEX0[2]     ; 3.406 ;       ;       ; 3.406 ;
; SW[2]      ; HEX0[3]     ; 3.279 ; 3.279 ; 3.279 ; 3.279 ;
; SW[2]      ; HEX0[4]     ;       ; 3.425 ; 3.425 ;       ;
; SW[2]      ; HEX0[5]     ; 3.422 ; 3.422 ; 3.422 ; 3.422 ;
; SW[2]      ; HEX0[6]     ; 3.437 ; 3.437 ; 3.437 ; 3.437 ;
; SW[2]      ; HEX2[0]     ; 3.943 ; 3.943 ; 3.943 ; 3.943 ;
; SW[2]      ; HEX2[1]     ; 3.872 ; 3.872 ; 3.872 ; 3.872 ;
; SW[2]      ; HEX2[2]     ; 3.915 ; 3.915 ; 3.915 ; 3.915 ;
; SW[2]      ; HEX2[3]     ; 3.910 ; 3.910 ; 3.910 ; 3.910 ;
; SW[2]      ; HEX2[4]     ; 3.973 ; 3.973 ; 3.973 ; 3.973 ;
; SW[2]      ; HEX2[5]     ; 4.011 ; 4.011 ; 4.011 ; 4.011 ;
; SW[2]      ; HEX2[6]     ; 4.031 ; 4.031 ; 4.031 ; 4.031 ;
; SW[2]      ; LEDG[1]     ; 4.450 ; 4.450 ; 4.450 ; 4.450 ;
; SW[2]      ; LEDG[2]     ; 4.776 ; 4.776 ; 4.776 ; 4.776 ;
; SW[2]      ; LEDG[3]     ; 4.831 ; 4.831 ; 4.831 ; 4.831 ;
; SW[2]      ; LEDG[4]     ; 5.315 ;       ;       ; 5.315 ;
; SW[2]      ; LEDR[2]     ; 2.611 ;       ;       ; 2.611 ;
; SW[3]      ; GPO_1[1]    ; 5.316 ;       ;       ; 5.316 ;
; SW[3]      ; HEX0[0]     ; 3.565 ; 3.565 ; 3.565 ; 3.565 ;
; SW[3]      ; HEX0[1]     ; 3.588 ;       ;       ; 3.588 ;
; SW[3]      ; HEX0[2]     ; 3.721 ; 3.721 ; 3.721 ; 3.721 ;
; SW[3]      ; HEX0[3]     ; 3.579 ; 3.579 ; 3.579 ; 3.579 ;
; SW[3]      ; HEX0[4]     ; 3.733 ; 3.733 ; 3.733 ; 3.733 ;
; SW[3]      ; HEX0[5]     ; 3.721 ; 3.721 ; 3.721 ; 3.721 ;
; SW[3]      ; HEX0[6]     ; 3.744 ; 3.744 ; 3.744 ; 3.744 ;
; SW[3]      ; HEX2[0]     ; 4.240 ; 4.240 ; 4.240 ; 4.240 ;
; SW[3]      ; HEX2[1]     ; 4.168 ; 4.168 ; 4.168 ; 4.168 ;
; SW[3]      ; HEX2[2]     ; 4.209 ; 4.209 ; 4.209 ; 4.209 ;
; SW[3]      ; HEX2[3]     ; 4.206 ; 4.206 ; 4.206 ; 4.206 ;
; SW[3]      ; HEX2[4]     ; 4.255 ; 4.255 ; 4.255 ; 4.255 ;
; SW[3]      ; HEX2[5]     ; 4.294 ; 4.294 ; 4.294 ; 4.294 ;
; SW[3]      ; HEX2[6]     ; 4.314 ; 4.314 ; 4.314 ; 4.314 ;
; SW[3]      ; LEDG[2]     ; 4.844 ; 4.844 ; 4.844 ; 4.844 ;
; SW[3]      ; LEDG[3]     ; 4.768 ; 4.768 ; 4.768 ; 4.768 ;
; SW[3]      ; LEDG[4]     ; 5.381 ;       ;       ; 5.381 ;
; SW[3]      ; LEDR[3]     ; 2.776 ;       ;       ; 2.776 ;
; SW[4]      ; GPO_1[1]    ; 5.053 ;       ;       ; 5.053 ;
; SW[4]      ; HEX0[0]     ; 3.383 ; 3.383 ; 3.383 ; 3.383 ;
; SW[4]      ; HEX0[1]     ; 3.404 ; 3.404 ; 3.404 ; 3.404 ;
; SW[4]      ; HEX0[2]     ; 3.542 ; 3.542 ; 3.542 ; 3.542 ;
; SW[4]      ; HEX0[3]     ; 3.418 ; 3.418 ; 3.418 ; 3.418 ;
; SW[4]      ; HEX0[4]     ;       ; 3.563 ; 3.563 ;       ;
; SW[4]      ; HEX0[5]     ; 3.560 ; 3.560 ; 3.560 ; 3.560 ;
; SW[4]      ; HEX0[6]     ; 3.576 ; 3.576 ; 3.576 ; 3.576 ;
; SW[4]      ; HEX2[0]     ; 4.316 ; 4.316 ; 4.316 ; 4.316 ;
; SW[4]      ; HEX2[1]     ; 4.240 ; 4.240 ; 4.240 ; 4.240 ;
; SW[4]      ; HEX2[2]     ; 4.287 ; 4.287 ; 4.287 ; 4.287 ;
; SW[4]      ; HEX2[3]     ; 4.280 ; 4.280 ; 4.280 ; 4.280 ;
; SW[4]      ; HEX2[4]     ; 4.334 ; 4.334 ; 4.334 ; 4.334 ;
; SW[4]      ; HEX2[5]     ; 4.372 ; 4.372 ; 4.372 ; 4.372 ;
; SW[4]      ; HEX2[6]     ; 4.392 ; 4.392 ; 4.392 ; 4.392 ;
; SW[4]      ; LEDG[3]     ; 4.829 ; 4.829 ; 4.829 ; 4.829 ;
; SW[4]      ; LEDG[4]     ; 5.118 ;       ;       ; 5.118 ;
; SW[4]      ; LEDR[4]     ; 2.626 ;       ;       ; 2.626 ;
; SW[5]      ; GPO_1[1]    ; 5.810 ;       ;       ; 5.810 ;
; SW[5]      ; HEX1[0]     ; 3.555 ; 3.555 ; 3.555 ; 3.555 ;
; SW[5]      ; HEX1[1]     ; 3.393 ; 3.393 ; 3.393 ; 3.393 ;
; SW[5]      ; HEX1[2]     ;       ; 3.394 ; 3.394 ;       ;
; SW[5]      ; HEX1[3]     ; 3.404 ; 3.404 ; 3.404 ; 3.404 ;
; SW[5]      ; HEX1[4]     ; 3.419 ;       ;       ; 3.419 ;
; SW[5]      ; HEX1[5]     ; 3.549 ;       ;       ; 3.549 ;
; SW[5]      ; HEX1[6]     ; 3.550 ; 3.550 ; 3.550 ; 3.550 ;
; SW[5]      ; HEX2[0]     ; 4.165 ; 4.165 ; 4.165 ; 4.165 ;
; SW[5]      ; HEX2[1]     ; 4.095 ; 4.095 ; 4.095 ; 4.095 ;
; SW[5]      ; HEX2[2]     ; 4.135 ; 4.135 ; 4.135 ; 4.135 ;
; SW[5]      ; HEX2[3]     ; 4.133 ; 4.133 ; 4.133 ; 4.133 ;
; SW[5]      ; HEX2[4]     ; 4.196 ; 4.196 ; 4.196 ; 4.196 ;
; SW[5]      ; HEX2[5]     ; 4.235 ; 4.235 ; 4.235 ; 4.235 ;
; SW[5]      ; HEX2[6]     ; 4.254 ; 4.254 ; 4.254 ; 4.254 ;
; SW[5]      ; LEDG[0]     ; 5.212 ; 5.212 ; 5.212 ; 5.212 ;
; SW[5]      ; LEDG[1]     ; 5.016 ; 5.016 ; 5.016 ; 5.016 ;
; SW[5]      ; LEDG[2]     ; 5.336 ; 5.336 ; 5.336 ; 5.336 ;
; SW[5]      ; LEDG[3]     ; 5.391 ; 5.391 ; 5.391 ; 5.391 ;
; SW[5]      ; LEDG[4]     ; 5.875 ;       ;       ; 5.875 ;
; SW[5]      ; LEDR[5]     ; 2.981 ;       ;       ; 2.981 ;
; SW[6]      ; GPO_1[1]    ; 5.506 ;       ;       ; 5.506 ;
; SW[6]      ; HEX1[0]     ; 3.415 ; 3.415 ; 3.415 ; 3.415 ;
; SW[6]      ; HEX1[1]     ; 3.250 ; 3.250 ; 3.250 ; 3.250 ;
; SW[6]      ; HEX1[2]     ; 3.249 ;       ;       ; 3.249 ;
; SW[6]      ; HEX1[3]     ; 3.257 ; 3.257 ; 3.257 ; 3.257 ;
; SW[6]      ; HEX1[4]     ;       ; 3.267 ; 3.267 ;       ;
; SW[6]      ; HEX1[5]     ; 3.418 ; 3.418 ; 3.418 ; 3.418 ;
; SW[6]      ; HEX1[6]     ; 3.418 ; 3.418 ; 3.418 ; 3.418 ;
; SW[6]      ; HEX2[0]     ; 4.201 ; 4.201 ; 4.201 ; 4.201 ;
; SW[6]      ; HEX2[1]     ; 4.130 ; 4.130 ; 4.130 ; 4.130 ;
; SW[6]      ; HEX2[2]     ; 4.173 ; 4.173 ; 4.173 ; 4.173 ;
; SW[6]      ; HEX2[3]     ; 4.168 ; 4.168 ; 4.168 ; 4.168 ;
; SW[6]      ; HEX2[4]     ; 4.231 ; 4.231 ; 4.231 ; 4.231 ;
; SW[6]      ; HEX2[5]     ; 4.269 ; 4.269 ; 4.269 ; 4.269 ;
; SW[6]      ; HEX2[6]     ; 4.289 ; 4.289 ; 4.289 ; 4.289 ;
; SW[6]      ; LEDG[1]     ; 4.708 ; 4.708 ; 4.708 ; 4.708 ;
; SW[6]      ; LEDG[2]     ; 5.032 ; 5.032 ; 5.032 ; 5.032 ;
; SW[6]      ; LEDG[3]     ; 5.087 ; 5.087 ; 5.087 ; 5.087 ;
; SW[6]      ; LEDG[4]     ; 5.571 ;       ;       ; 5.571 ;
; SW[6]      ; LEDR[6]     ; 2.511 ;       ;       ; 2.511 ;
; SW[7]      ; GPO_1[1]    ; 4.959 ;       ;       ; 4.959 ;
; SW[7]      ; HEX1[0]     ; 3.038 ; 3.038 ; 3.038 ; 3.038 ;
; SW[7]      ; HEX1[1]     ; 2.871 ;       ;       ; 2.871 ;
; SW[7]      ; HEX1[2]     ; 2.868 ; 2.868 ; 2.868 ; 2.868 ;
; SW[7]      ; HEX1[3]     ; 2.882 ; 2.882 ; 2.882 ; 2.882 ;
; SW[7]      ; HEX1[4]     ; 2.889 ; 2.889 ; 2.889 ; 2.889 ;
; SW[7]      ; HEX1[5]     ; 3.037 ; 3.037 ; 3.037 ; 3.037 ;
; SW[7]      ; HEX1[6]     ; 3.037 ; 3.037 ; 3.037 ; 3.037 ;
; SW[7]      ; HEX2[0]     ; 3.878 ; 3.878 ; 3.878 ; 3.878 ;
; SW[7]      ; HEX2[1]     ; 3.806 ; 3.806 ; 3.806 ; 3.806 ;
; SW[7]      ; HEX2[2]     ; 3.847 ; 3.847 ; 3.847 ; 3.847 ;
; SW[7]      ; HEX2[3]     ; 3.844 ; 3.844 ; 3.844 ; 3.844 ;
; SW[7]      ; HEX2[4]     ; 3.893 ; 3.893 ; 3.893 ; 3.893 ;
; SW[7]      ; HEX2[5]     ; 3.932 ; 3.932 ; 3.932 ; 3.932 ;
; SW[7]      ; HEX2[6]     ; 3.952 ; 3.952 ; 3.952 ; 3.952 ;
; SW[7]      ; LEDG[2]     ; 4.482 ; 4.482 ; 4.482 ; 4.482 ;
; SW[7]      ; LEDG[3]     ; 4.414 ; 4.414 ; 4.414 ; 4.414 ;
; SW[7]      ; LEDG[4]     ; 5.024 ;       ;       ; 5.024 ;
; SW[7]      ; LEDR[7]     ; 3.252 ;       ;       ; 3.252 ;
; SW[8]      ; GPO_1[1]    ; 4.815 ;       ;       ; 4.815 ;
; SW[8]      ; HEX1[0]     ; 3.136 ; 3.136 ; 3.136 ; 3.136 ;
; SW[8]      ; HEX1[1]     ; 2.962 ; 2.962 ; 2.962 ; 2.962 ;
; SW[8]      ; HEX1[2]     ; 2.962 ; 2.962 ; 2.962 ; 2.962 ;
; SW[8]      ; HEX1[3]     ; 2.970 ; 2.970 ; 2.970 ; 2.970 ;
; SW[8]      ; HEX1[4]     ;       ; 2.980 ; 2.980 ;       ;
; SW[8]      ; HEX1[5]     ; 3.131 ; 3.131 ; 3.131 ; 3.131 ;
; SW[8]      ; HEX1[6]     ; 3.131 ; 3.131 ; 3.131 ; 3.131 ;
; SW[8]      ; HEX2[0]     ; 3.957 ; 3.957 ; 3.957 ; 3.957 ;
; SW[8]      ; HEX2[1]     ; 3.881 ; 3.881 ; 3.881 ; 3.881 ;
; SW[8]      ; HEX2[2]     ; 3.928 ; 3.928 ; 3.928 ; 3.928 ;
; SW[8]      ; HEX2[3]     ; 3.921 ; 3.921 ; 3.921 ; 3.921 ;
; SW[8]      ; HEX2[4]     ; 3.975 ; 3.975 ; 3.975 ; 3.975 ;
; SW[8]      ; HEX2[5]     ; 4.013 ; 4.013 ; 4.013 ; 4.013 ;
; SW[8]      ; HEX2[6]     ; 4.033 ; 4.033 ; 4.033 ; 4.033 ;
; SW[8]      ; LEDG[3]     ; 4.470 ; 4.470 ; 4.470 ; 4.470 ;
; SW[8]      ; LEDG[4]     ; 4.880 ;       ;       ; 4.880 ;
; SW[8]      ; LEDR[8]     ; 3.015 ;       ;       ; 3.015 ;
+------------+-------------+-------+-------+-------+-------+


+----------------------------------------------------------------------------+
; Multicorner Timing Analysis Summary                                        ;
+------------------+-------+------+----------+---------+---------------------+
; Clock            ; Setup ; Hold ; Recovery ; Removal ; Minimum Pulse Width ;
+------------------+-------+------+----------+---------+---------------------+
; Worst-case Slack ; N/A   ; N/A  ; N/A      ; N/A     ; N/A                 ;
; Design-wide TNS  ; 0.0   ; 0.0  ; 0.0      ; 0.0     ; 0.0                 ;
+------------------+-------+------+----------+---------+---------------------+


+--------------------------------------------------------------+
; Progagation Delay                                            ;
+------------+-------------+--------+--------+--------+--------+
; Input Port ; Output Port ; RR     ; RF     ; FR     ; FF     ;
+------------+-------------+--------+--------+--------+--------+
; SW[0]      ; GPO_1[0]    ; 5.908  ;        ;        ; 5.908  ;
; SW[0]      ; GPO_1[1]    ; 13.001 ;        ;        ; 13.001 ;
; SW[0]      ; HEX2[0]     ; 11.278 ; 11.278 ; 11.278 ; 11.278 ;
; SW[0]      ; HEX2[1]     ; 11.085 ; 11.085 ; 11.085 ; 11.085 ;
; SW[0]      ; HEX2[2]     ; 11.127 ; 11.127 ; 11.127 ; 11.127 ;
; SW[0]      ; HEX2[3]     ; 11.126 ; 11.126 ; 11.126 ; 11.126 ;
; SW[0]      ; HEX2[4]     ; 11.292 ; 11.292 ; 11.292 ; 11.292 ;
; SW[0]      ; HEX2[5]     ; 11.391 ; 11.391 ; 11.391 ; 11.391 ;
; SW[0]      ; HEX2[6]     ; 11.452 ; 11.452 ; 11.452 ; 11.452 ;
; SW[0]      ; LEDG[0]     ; 11.384 ; 11.384 ; 11.384 ; 11.384 ;
; SW[0]      ; LEDG[1]     ; 11.217 ; 11.217 ; 11.217 ; 11.217 ;
; SW[0]      ; LEDG[2]     ; 11.924 ; 11.924 ; 11.924 ; 11.924 ;
; SW[0]      ; LEDG[3]     ; 12.329 ; 12.329 ; 12.329 ; 12.329 ;
; SW[0]      ; LEDG[4]     ; 13.340 ;        ;        ; 13.340 ;
; SW[0]      ; LEDR[0]     ; 4.635  ;        ;        ; 4.635  ;
; SW[1]      ; GPO_1[1]    ; 12.407 ;        ;        ; 12.407 ;
; SW[1]      ; HEX0[0]     ; 7.356  ; 7.356  ; 7.356  ; 7.356  ;
; SW[1]      ; HEX0[1]     ; 7.368  ; 7.368  ; 7.368  ; 7.368  ;
; SW[1]      ; HEX0[2]     ;        ; 7.696  ; 7.696  ;        ;
; SW[1]      ; HEX0[3]     ; 7.365  ; 7.365  ; 7.365  ; 7.365  ;
; SW[1]      ; HEX0[4]     ; 7.729  ;        ;        ; 7.729  ;
; SW[1]      ; HEX0[5]     ; 7.719  ;        ;        ; 7.719  ;
; SW[1]      ; HEX0[6]     ; 7.762  ; 7.762  ; 7.762  ; 7.762  ;
; SW[1]      ; HEX2[0]     ; 10.684 ; 10.684 ; 10.684 ; 10.684 ;
; SW[1]      ; HEX2[1]     ; 10.491 ; 10.491 ; 10.491 ; 10.491 ;
; SW[1]      ; HEX2[2]     ; 10.533 ; 10.533 ; 10.533 ; 10.533 ;
; SW[1]      ; HEX2[3]     ; 10.532 ; 10.532 ; 10.532 ; 10.532 ;
; SW[1]      ; HEX2[4]     ; 10.698 ; 10.698 ; 10.698 ; 10.698 ;
; SW[1]      ; HEX2[5]     ; 10.797 ; 10.797 ; 10.797 ; 10.797 ;
; SW[1]      ; HEX2[6]     ; 10.858 ; 10.858 ; 10.858 ; 10.858 ;
; SW[1]      ; LEDG[0]     ; 10.803 ; 10.803 ; 10.803 ; 10.803 ;
; SW[1]      ; LEDG[1]     ; 10.623 ; 10.623 ; 10.623 ; 10.623 ;
; SW[1]      ; LEDG[2]     ; 11.330 ; 11.330 ; 11.330 ; 11.330 ;
; SW[1]      ; LEDG[3]     ; 11.735 ; 11.735 ; 11.735 ; 11.735 ;
; SW[1]      ; LEDG[4]     ; 12.746 ;        ;        ; 12.746 ;
; SW[1]      ; LEDR[1]     ; 4.978  ;        ;        ; 4.978  ;
; SW[2]      ; GPO_1[1]    ; 11.610 ;        ;        ; 11.610 ;
; SW[2]      ; HEX0[0]     ; 6.971  ; 6.971  ; 6.971  ; 6.971  ;
; SW[2]      ; HEX0[1]     ; 6.986  ; 6.986  ; 6.986  ; 6.986  ;
; SW[2]      ; HEX0[2]     ; 7.344  ;        ;        ; 7.344  ;
; SW[2]      ; HEX0[3]     ; 7.000  ; 7.000  ; 7.000  ; 7.000  ;
; SW[2]      ; HEX0[4]     ;        ; 7.357  ; 7.357  ;        ;
; SW[2]      ; HEX0[5]     ; 7.350  ; 7.350  ; 7.350  ; 7.350  ;
; SW[2]      ; HEX0[6]     ; 7.385  ; 7.385  ; 7.385  ; 7.385  ;
; SW[2]      ; HEX2[0]     ; 9.887  ; 9.887  ; 9.887  ; 9.887  ;
; SW[2]      ; HEX2[1]     ; 9.694  ; 9.694  ; 9.694  ; 9.694  ;
; SW[2]      ; HEX2[2]     ; 9.736  ; 9.736  ; 9.736  ; 9.736  ;
; SW[2]      ; HEX2[3]     ; 9.735  ; 9.735  ; 9.735  ; 9.735  ;
; SW[2]      ; HEX2[4]     ; 9.901  ; 9.901  ; 9.901  ; 9.901  ;
; SW[2]      ; HEX2[5]     ; 10.000 ; 10.000 ; 10.000 ; 10.000 ;
; SW[2]      ; HEX2[6]     ; 10.061 ; 10.061 ; 10.061 ; 10.061 ;
; SW[2]      ; LEDG[1]     ; 9.819  ; 9.819  ; 9.819  ; 9.819  ;
; SW[2]      ; LEDG[2]     ; 10.533 ; 10.533 ; 10.533 ; 10.533 ;
; SW[2]      ; LEDG[3]     ; 10.938 ; 10.938 ; 10.938 ; 10.938 ;
; SW[2]      ; LEDG[4]     ; 11.949 ;        ;        ; 11.949 ;
; SW[2]      ; LEDR[2]     ; 5.387  ;        ;        ; 5.387  ;
; SW[3]      ; GPO_1[1]    ; 11.728 ;        ;        ; 11.728 ;
; SW[3]      ; HEX0[0]     ; 7.779  ; 7.779  ; 7.779  ; 7.779  ;
; SW[3]      ; HEX0[1]     ; 7.795  ;        ;        ; 7.795  ;
; SW[3]      ; HEX0[2]     ; 8.146  ; 8.146  ; 8.146  ; 8.146  ;
; SW[3]      ; HEX0[3]     ; 7.785  ; 7.785  ; 7.785  ; 7.785  ;
; SW[3]      ; HEX0[4]     ; 8.150  ; 8.150  ; 8.150  ; 8.150  ;
; SW[3]      ; HEX0[5]     ; 8.140  ; 8.140  ; 8.140  ; 8.140  ;
; SW[3]      ; HEX0[6]     ; 8.184  ; 8.184  ; 8.184  ; 8.184  ;
; SW[3]      ; HEX2[0]     ; 9.614  ; 9.614  ; 9.614  ; 9.614  ;
; SW[3]      ; HEX2[1]     ; 9.421  ; 9.421  ; 9.421  ; 9.421  ;
; SW[3]      ; HEX2[2]     ; 9.463  ; 9.463  ; 9.463  ; 9.463  ;
; SW[3]      ; HEX2[3]     ; 9.462  ; 9.462  ; 9.462  ; 9.462  ;
; SW[3]      ; HEX2[4]     ; 9.628  ; 9.628  ; 9.628  ; 9.628  ;
; SW[3]      ; HEX2[5]     ; 9.727  ; 9.727  ; 9.727  ; 9.727  ;
; SW[3]      ; HEX2[6]     ; 9.788  ; 9.788  ; 9.788  ; 9.788  ;
; SW[3]      ; LEDG[2]     ; 10.653 ; 10.653 ; 10.653 ; 10.653 ;
; SW[3]      ; LEDG[3]     ; 10.665 ; 10.665 ; 10.665 ; 10.665 ;
; SW[3]      ; LEDG[4]     ; 12.067 ;        ;        ; 12.067 ;
; SW[3]      ; LEDR[3]     ; 5.678  ;        ;        ; 5.678  ;
; SW[4]      ; GPO_1[1]    ; 10.924 ;        ;        ; 10.924 ;
; SW[4]      ; HEX0[0]     ; 7.233  ; 7.233  ; 7.233  ; 7.233  ;
; SW[4]      ; HEX0[1]     ; 7.251  ; 7.251  ; 7.251  ; 7.251  ;
; SW[4]      ; HEX0[2]     ; 7.609  ; 7.609  ; 7.609  ; 7.609  ;
; SW[4]      ; HEX0[3]     ; 7.267  ; 7.267  ; 7.267  ; 7.267  ;
; SW[4]      ; HEX0[4]     ;        ; 7.622  ; 7.622  ;        ;
; SW[4]      ; HEX0[5]     ; 7.617  ; 7.617  ; 7.617  ; 7.617  ;
; SW[4]      ; HEX0[6]     ; 7.649  ; 7.649  ; 7.649  ; 7.649  ;
; SW[4]      ; HEX2[0]     ; 9.746  ; 9.746  ; 9.746  ; 9.746  ;
; SW[4]      ; HEX2[1]     ; 9.553  ; 9.553  ; 9.553  ; 9.553  ;
; SW[4]      ; HEX2[2]     ; 9.595  ; 9.595  ; 9.595  ; 9.595  ;
; SW[4]      ; HEX2[3]     ; 9.594  ; 9.594  ; 9.594  ; 9.594  ;
; SW[4]      ; HEX2[4]     ; 9.760  ; 9.760  ; 9.760  ; 9.760  ;
; SW[4]      ; HEX2[5]     ; 9.859  ; 9.859  ; 9.859  ; 9.859  ;
; SW[4]      ; HEX2[6]     ; 9.920  ; 9.920  ; 9.920  ; 9.920  ;
; SW[4]      ; LEDG[3]     ; 10.797 ; 10.797 ; 10.797 ; 10.797 ;
; SW[4]      ; LEDG[4]     ; 11.263 ;        ;        ; 11.263 ;
; SW[4]      ; LEDR[4]     ; 5.305  ;        ;        ; 5.305  ;
; SW[5]      ; GPO_1[1]    ; 13.060 ;        ;        ; 13.060 ;
; SW[5]      ; HEX1[0]     ; 7.521  ; 7.521  ; 7.521  ; 7.521  ;
; SW[5]      ; HEX1[1]     ; 7.152  ; 7.152  ; 7.152  ; 7.152  ;
; SW[5]      ; HEX1[2]     ;        ; 7.150  ; 7.150  ;        ;
; SW[5]      ; HEX1[3]     ; 7.162  ; 7.162  ; 7.162  ; 7.162  ;
; SW[5]      ; HEX1[4]     ; 7.172  ;        ;        ; 7.172  ;
; SW[5]      ; HEX1[5]     ; 7.521  ;        ;        ; 7.521  ;
; SW[5]      ; HEX1[6]     ; 7.522  ; 7.522  ; 7.522  ; 7.522  ;
; SW[5]      ; HEX2[0]     ; 11.337 ; 11.337 ; 11.337 ; 11.337 ;
; SW[5]      ; HEX2[1]     ; 11.144 ; 11.144 ; 11.144 ; 11.144 ;
; SW[5]      ; HEX2[2]     ; 11.186 ; 11.186 ; 11.186 ; 11.186 ;
; SW[5]      ; HEX2[3]     ; 11.185 ; 11.185 ; 11.185 ; 11.185 ;
; SW[5]      ; HEX2[4]     ; 11.351 ; 11.351 ; 11.351 ; 11.351 ;
; SW[5]      ; HEX2[5]     ; 11.450 ; 11.450 ; 11.450 ; 11.450 ;
; SW[5]      ; HEX2[6]     ; 11.511 ; 11.511 ; 11.511 ; 11.511 ;
; SW[5]      ; LEDG[0]     ; 11.446 ; 11.446 ; 11.446 ; 11.446 ;
; SW[5]      ; LEDG[1]     ; 11.276 ; 11.276 ; 11.276 ; 11.276 ;
; SW[5]      ; LEDG[2]     ; 11.983 ; 11.983 ; 11.983 ; 11.983 ;
; SW[5]      ; LEDG[3]     ; 12.388 ; 12.388 ; 12.388 ; 12.388 ;
; SW[5]      ; LEDG[4]     ; 13.399 ;        ;        ; 13.399 ;
; SW[5]      ; LEDR[5]     ; 6.108  ;        ;        ; 6.108  ;
; SW[6]      ; GPO_1[1]    ; 12.326 ;        ;        ; 12.326 ;
; SW[6]      ; HEX1[0]     ; 7.269  ; 7.269  ; 7.269  ; 7.269  ;
; SW[6]      ; HEX1[1]     ; 6.891  ; 6.891  ; 6.891  ; 6.891  ;
; SW[6]      ; HEX1[2]     ; 6.891  ;        ;        ; 6.891  ;
; SW[6]      ; HEX1[3]     ; 6.898  ; 6.898  ; 6.898  ; 6.898  ;
; SW[6]      ; HEX1[4]     ;        ; 6.908  ; 6.908  ;        ;
; SW[6]      ; HEX1[5]     ; 7.273  ; 7.273  ; 7.273  ; 7.273  ;
; SW[6]      ; HEX1[6]     ; 7.272  ; 7.272  ; 7.272  ; 7.272  ;
; SW[6]      ; HEX2[0]     ; 10.603 ; 10.603 ; 10.603 ; 10.603 ;
; SW[6]      ; HEX2[1]     ; 10.410 ; 10.410 ; 10.410 ; 10.410 ;
; SW[6]      ; HEX2[2]     ; 10.452 ; 10.452 ; 10.452 ; 10.452 ;
; SW[6]      ; HEX2[3]     ; 10.451 ; 10.451 ; 10.451 ; 10.451 ;
; SW[6]      ; HEX2[4]     ; 10.617 ; 10.617 ; 10.617 ; 10.617 ;
; SW[6]      ; HEX2[5]     ; 10.716 ; 10.716 ; 10.716 ; 10.716 ;
; SW[6]      ; HEX2[6]     ; 10.777 ; 10.777 ; 10.777 ; 10.777 ;
; SW[6]      ; LEDG[1]     ; 10.541 ; 10.541 ; 10.541 ; 10.541 ;
; SW[6]      ; LEDG[2]     ; 11.249 ; 11.249 ; 11.249 ; 11.249 ;
; SW[6]      ; LEDG[3]     ; 11.654 ; 11.654 ; 11.654 ; 11.654 ;
; SW[6]      ; LEDG[4]     ; 12.665 ;        ;        ; 12.665 ;
; SW[6]      ; LEDR[6]     ; 5.136  ;        ;        ; 5.136  ;
; SW[7]      ; GPO_1[1]    ; 11.106 ;        ;        ; 11.106 ;
; SW[7]      ; HEX1[0]     ; 6.441  ; 6.441  ; 6.441  ; 6.441  ;
; SW[7]      ; HEX1[1]     ; 6.062  ;        ;        ; 6.062  ;
; SW[7]      ; HEX1[2]     ; 6.062  ; 6.062  ; 6.062  ; 6.062  ;
; SW[7]      ; HEX1[3]     ; 6.068  ; 6.068  ; 6.068  ; 6.068  ;
; SW[7]      ; HEX1[4]     ; 6.078  ; 6.078  ; 6.078  ; 6.078  ;
; SW[7]      ; HEX1[5]     ; 6.445  ; 6.445  ; 6.445  ; 6.445  ;
; SW[7]      ; HEX1[6]     ; 6.445  ; 6.445  ; 6.445  ; 6.445  ;
; SW[7]      ; HEX2[0]     ; 8.997  ; 8.997  ; 8.997  ; 8.997  ;
; SW[7]      ; HEX2[1]     ; 8.804  ; 8.804  ; 8.804  ; 8.804  ;
; SW[7]      ; HEX2[2]     ; 8.846  ; 8.846  ; 8.846  ; 8.846  ;
; SW[7]      ; HEX2[3]     ; 8.845  ; 8.845  ; 8.845  ; 8.845  ;
; SW[7]      ; HEX2[4]     ; 9.011  ; 9.011  ; 9.011  ; 9.011  ;
; SW[7]      ; HEX2[5]     ; 9.110  ; 9.110  ; 9.110  ; 9.110  ;
; SW[7]      ; HEX2[6]     ; 9.171  ; 9.171  ; 9.171  ; 9.171  ;
; SW[7]      ; LEDG[2]     ; 10.028 ; 10.028 ; 10.028 ; 10.028 ;
; SW[7]      ; LEDG[3]     ; 10.048 ; 10.048 ; 10.048 ; 10.048 ;
; SW[7]      ; LEDG[4]     ; 11.445 ;        ;        ; 11.445 ;
; SW[7]      ; LEDR[7]     ; 6.701  ;        ;        ; 6.701  ;
; SW[8]      ; GPO_1[1]    ; 10.687 ;        ;        ; 10.687 ;
; SW[8]      ; HEX1[0]     ; 6.722  ; 6.722  ; 6.722  ; 6.722  ;
; SW[8]      ; HEX1[1]     ; 6.339  ; 6.339  ; 6.339  ; 6.339  ;
; SW[8]      ; HEX1[2]     ; 6.340  ; 6.340  ; 6.340  ; 6.340  ;
; SW[8]      ; HEX1[3]     ; 6.318  ; 6.318  ; 6.318  ; 6.318  ;
; SW[8]      ; HEX1[4]     ;        ; 6.363  ; 6.363  ;        ;
; SW[8]      ; HEX1[5]     ; 6.727  ; 6.727  ; 6.727  ; 6.727  ;
; SW[8]      ; HEX1[6]     ; 6.727  ; 6.727  ; 6.727  ; 6.727  ;
; SW[8]      ; HEX2[0]     ; 9.125  ; 9.125  ; 9.125  ; 9.125  ;
; SW[8]      ; HEX2[1]     ; 8.932  ; 8.932  ; 8.932  ; 8.932  ;
; SW[8]      ; HEX2[2]     ; 8.974  ; 8.974  ; 8.974  ; 8.974  ;
; SW[8]      ; HEX2[3]     ; 8.973  ; 8.973  ; 8.973  ; 8.973  ;
; SW[8]      ; HEX2[4]     ; 9.139  ; 9.139  ; 9.139  ; 9.139  ;
; SW[8]      ; HEX2[5]     ; 9.238  ; 9.238  ; 9.238  ; 9.238  ;
; SW[8]      ; HEX2[6]     ; 9.299  ; 9.299  ; 9.299  ; 9.299  ;
; SW[8]      ; LEDG[3]     ; 10.176 ; 10.176 ; 10.176 ; 10.176 ;
; SW[8]      ; LEDG[4]     ; 11.026 ;        ;        ; 11.026 ;
; SW[8]      ; LEDR[8]     ; 6.342  ;        ;        ; 6.342  ;
+------------+-------------+--------+--------+--------+--------+


+----------------------------------------------------------+
; Minimum Progagation Delay                                ;
+------------+-------------+-------+-------+-------+-------+
; Input Port ; Output Port ; RR    ; RF    ; FR    ; FF    ;
+------------+-------------+-------+-------+-------+-------+
; SW[0]      ; GPO_1[0]    ; 2.885 ;       ;       ; 2.885 ;
; SW[0]      ; GPO_1[1]    ; 5.713 ;       ;       ; 5.713 ;
; SW[0]      ; HEX2[0]     ; 4.069 ; 4.069 ; 4.069 ; 4.069 ;
; SW[0]      ; HEX2[1]     ; 3.999 ; 3.999 ; 3.999 ; 3.999 ;
; SW[0]      ; HEX2[2]     ; 4.039 ; 4.039 ; 4.039 ; 4.039 ;
; SW[0]      ; HEX2[3]     ; 4.037 ; 4.037 ; 4.037 ; 4.037 ;
; SW[0]      ; HEX2[4]     ; 4.100 ; 4.100 ; 4.100 ; 4.100 ;
; SW[0]      ; HEX2[5]     ; 4.139 ; 4.139 ; 4.139 ; 4.139 ;
; SW[0]      ; HEX2[6]     ; 4.158 ; 4.158 ; 4.158 ; 4.158 ;
; SW[0]      ; LEDG[0]     ; 5.116 ; 5.116 ; 5.116 ; 5.116 ;
; SW[0]      ; LEDG[1]     ; 4.919 ; 4.919 ; 4.919 ; 4.919 ;
; SW[0]      ; LEDG[2]     ; 5.239 ; 5.239 ; 5.239 ; 5.239 ;
; SW[0]      ; LEDG[3]     ; 5.294 ; 5.294 ; 5.294 ; 5.294 ;
; SW[0]      ; LEDG[4]     ; 5.778 ;       ;       ; 5.778 ;
; SW[0]      ; LEDR[0]     ; 2.289 ;       ;       ; 2.289 ;
; SW[1]      ; GPO_1[1]    ; 5.508 ;       ;       ; 5.508 ;
; SW[1]      ; HEX0[0]     ; 3.377 ; 3.377 ; 3.377 ; 3.377 ;
; SW[1]      ; HEX0[1]     ; 3.392 ; 3.392 ; 3.392 ; 3.392 ;
; SW[1]      ; HEX0[2]     ;       ; 3.529 ; 3.529 ;       ;
; SW[1]      ; HEX0[3]     ; 3.384 ; 3.384 ; 3.384 ; 3.384 ;
; SW[1]      ; HEX0[4]     ; 3.543 ;       ;       ; 3.543 ;
; SW[1]      ; HEX0[5]     ; 3.528 ;       ;       ; 3.528 ;
; SW[1]      ; HEX0[6]     ; 3.551 ; 3.551 ; 3.551 ; 3.551 ;
; SW[1]      ; HEX2[0]     ; 3.878 ; 3.878 ; 3.878 ; 3.878 ;
; SW[1]      ; HEX2[1]     ; 3.808 ; 3.808 ; 3.808 ; 3.808 ;
; SW[1]      ; HEX2[2]     ; 3.848 ; 3.848 ; 3.848 ; 3.848 ;
; SW[1]      ; HEX2[3]     ; 3.846 ; 3.846 ; 3.846 ; 3.846 ;
; SW[1]      ; HEX2[4]     ; 3.909 ; 3.909 ; 3.909 ; 3.909 ;
; SW[1]      ; HEX2[5]     ; 3.948 ; 3.948 ; 3.948 ; 3.948 ;
; SW[1]      ; HEX2[6]     ; 3.967 ; 3.967 ; 3.967 ; 3.967 ;
; SW[1]      ; LEDG[0]     ; 4.925 ; 4.925 ; 4.925 ; 4.925 ;
; SW[1]      ; LEDG[1]     ; 4.714 ; 4.714 ; 4.714 ; 4.714 ;
; SW[1]      ; LEDG[2]     ; 5.034 ; 5.034 ; 5.034 ; 5.034 ;
; SW[1]      ; LEDG[3]     ; 5.089 ; 5.089 ; 5.089 ; 5.089 ;
; SW[1]      ; LEDG[4]     ; 5.573 ;       ;       ; 5.573 ;
; SW[1]      ; LEDR[1]     ; 2.423 ;       ;       ; 2.423 ;
; SW[2]      ; GPO_1[1]    ; 5.250 ;       ;       ; 5.250 ;
; SW[2]      ; HEX0[0]     ; 3.246 ; 3.246 ; 3.246 ; 3.246 ;
; SW[2]      ; HEX0[1]     ; 3.269 ; 3.269 ; 3.269 ; 3.269 ;
; SW[2]      ; HEX0[2]     ; 3.406 ;       ;       ; 3.406 ;
; SW[2]      ; HEX0[3]     ; 3.279 ; 3.279 ; 3.279 ; 3.279 ;
; SW[2]      ; HEX0[4]     ;       ; 3.425 ; 3.425 ;       ;
; SW[2]      ; HEX0[5]     ; 3.422 ; 3.422 ; 3.422 ; 3.422 ;
; SW[2]      ; HEX0[6]     ; 3.437 ; 3.437 ; 3.437 ; 3.437 ;
; SW[2]      ; HEX2[0]     ; 3.943 ; 3.943 ; 3.943 ; 3.943 ;
; SW[2]      ; HEX2[1]     ; 3.872 ; 3.872 ; 3.872 ; 3.872 ;
; SW[2]      ; HEX2[2]     ; 3.915 ; 3.915 ; 3.915 ; 3.915 ;
; SW[2]      ; HEX2[3]     ; 3.910 ; 3.910 ; 3.910 ; 3.910 ;
; SW[2]      ; HEX2[4]     ; 3.973 ; 3.973 ; 3.973 ; 3.973 ;
; SW[2]      ; HEX2[5]     ; 4.011 ; 4.011 ; 4.011 ; 4.011 ;
; SW[2]      ; HEX2[6]     ; 4.031 ; 4.031 ; 4.031 ; 4.031 ;
; SW[2]      ; LEDG[1]     ; 4.450 ; 4.450 ; 4.450 ; 4.450 ;
; SW[2]      ; LEDG[2]     ; 4.776 ; 4.776 ; 4.776 ; 4.776 ;
; SW[2]      ; LEDG[3]     ; 4.831 ; 4.831 ; 4.831 ; 4.831 ;
; SW[2]      ; LEDG[4]     ; 5.315 ;       ;       ; 5.315 ;
; SW[2]      ; LEDR[2]     ; 2.611 ;       ;       ; 2.611 ;
; SW[3]      ; GPO_1[1]    ; 5.316 ;       ;       ; 5.316 ;
; SW[3]      ; HEX0[0]     ; 3.565 ; 3.565 ; 3.565 ; 3.565 ;
; SW[3]      ; HEX0[1]     ; 3.588 ;       ;       ; 3.588 ;
; SW[3]      ; HEX0[2]     ; 3.721 ; 3.721 ; 3.721 ; 3.721 ;
; SW[3]      ; HEX0[3]     ; 3.579 ; 3.579 ; 3.579 ; 3.579 ;
; SW[3]      ; HEX0[4]     ; 3.733 ; 3.733 ; 3.733 ; 3.733 ;
; SW[3]      ; HEX0[5]     ; 3.721 ; 3.721 ; 3.721 ; 3.721 ;
; SW[3]      ; HEX0[6]     ; 3.744 ; 3.744 ; 3.744 ; 3.744 ;
; SW[3]      ; HEX2[0]     ; 4.240 ; 4.240 ; 4.240 ; 4.240 ;
; SW[3]      ; HEX2[1]     ; 4.168 ; 4.168 ; 4.168 ; 4.168 ;
; SW[3]      ; HEX2[2]     ; 4.209 ; 4.209 ; 4.209 ; 4.209 ;
; SW[3]      ; HEX2[3]     ; 4.206 ; 4.206 ; 4.206 ; 4.206 ;
; SW[3]      ; HEX2[4]     ; 4.255 ; 4.255 ; 4.255 ; 4.255 ;
; SW[3]      ; HEX2[5]     ; 4.294 ; 4.294 ; 4.294 ; 4.294 ;
; SW[3]      ; HEX2[6]     ; 4.314 ; 4.314 ; 4.314 ; 4.314 ;
; SW[3]      ; LEDG[2]     ; 4.844 ; 4.844 ; 4.844 ; 4.844 ;
; SW[3]      ; LEDG[3]     ; 4.768 ; 4.768 ; 4.768 ; 4.768 ;
; SW[3]      ; LEDG[4]     ; 5.381 ;       ;       ; 5.381 ;
; SW[3]      ; LEDR[3]     ; 2.776 ;       ;       ; 2.776 ;
; SW[4]      ; GPO_1[1]    ; 5.053 ;       ;       ; 5.053 ;
; SW[4]      ; HEX0[0]     ; 3.383 ; 3.383 ; 3.383 ; 3.383 ;
; SW[4]      ; HEX0[1]     ; 3.404 ; 3.404 ; 3.404 ; 3.404 ;
; SW[4]      ; HEX0[2]     ; 3.542 ; 3.542 ; 3.542 ; 3.542 ;
; SW[4]      ; HEX0[3]     ; 3.418 ; 3.418 ; 3.418 ; 3.418 ;
; SW[4]      ; HEX0[4]     ;       ; 3.563 ; 3.563 ;       ;
; SW[4]      ; HEX0[5]     ; 3.560 ; 3.560 ; 3.560 ; 3.560 ;
; SW[4]      ; HEX0[6]     ; 3.576 ; 3.576 ; 3.576 ; 3.576 ;
; SW[4]      ; HEX2[0]     ; 4.316 ; 4.316 ; 4.316 ; 4.316 ;
; SW[4]      ; HEX2[1]     ; 4.240 ; 4.240 ; 4.240 ; 4.240 ;
; SW[4]      ; HEX2[2]     ; 4.287 ; 4.287 ; 4.287 ; 4.287 ;
; SW[4]      ; HEX2[3]     ; 4.280 ; 4.280 ; 4.280 ; 4.280 ;
; SW[4]      ; HEX2[4]     ; 4.334 ; 4.334 ; 4.334 ; 4.334 ;
; SW[4]      ; HEX2[5]     ; 4.372 ; 4.372 ; 4.372 ; 4.372 ;
; SW[4]      ; HEX2[6]     ; 4.392 ; 4.392 ; 4.392 ; 4.392 ;
; SW[4]      ; LEDG[3]     ; 4.829 ; 4.829 ; 4.829 ; 4.829 ;
; SW[4]      ; LEDG[4]     ; 5.118 ;       ;       ; 5.118 ;
; SW[4]      ; LEDR[4]     ; 2.626 ;       ;       ; 2.626 ;
; SW[5]      ; GPO_1[1]    ; 5.810 ;       ;       ; 5.810 ;
; SW[5]      ; HEX1[0]     ; 3.555 ; 3.555 ; 3.555 ; 3.555 ;
; SW[5]      ; HEX1[1]     ; 3.393 ; 3.393 ; 3.393 ; 3.393 ;
; SW[5]      ; HEX1[2]     ;       ; 3.394 ; 3.394 ;       ;
; SW[5]      ; HEX1[3]     ; 3.404 ; 3.404 ; 3.404 ; 3.404 ;
; SW[5]      ; HEX1[4]     ; 3.419 ;       ;       ; 3.419 ;
; SW[5]      ; HEX1[5]     ; 3.549 ;       ;       ; 3.549 ;
; SW[5]      ; HEX1[6]     ; 3.550 ; 3.550 ; 3.550 ; 3.550 ;
; SW[5]      ; HEX2[0]     ; 4.165 ; 4.165 ; 4.165 ; 4.165 ;
; SW[5]      ; HEX2[1]     ; 4.095 ; 4.095 ; 4.095 ; 4.095 ;
; SW[5]      ; HEX2[2]     ; 4.135 ; 4.135 ; 4.135 ; 4.135 ;
; SW[5]      ; HEX2[3]     ; 4.133 ; 4.133 ; 4.133 ; 4.133 ;
; SW[5]      ; HEX2[4]     ; 4.196 ; 4.196 ; 4.196 ; 4.196 ;
; SW[5]      ; HEX2[5]     ; 4.235 ; 4.235 ; 4.235 ; 4.235 ;
; SW[5]      ; HEX2[6]     ; 4.254 ; 4.254 ; 4.254 ; 4.254 ;
; SW[5]      ; LEDG[0]     ; 5.212 ; 5.212 ; 5.212 ; 5.212 ;
; SW[5]      ; LEDG[1]     ; 5.016 ; 5.016 ; 5.016 ; 5.016 ;
; SW[5]      ; LEDG[2]     ; 5.336 ; 5.336 ; 5.336 ; 5.336 ;
; SW[5]      ; LEDG[3]     ; 5.391 ; 5.391 ; 5.391 ; 5.391 ;
; SW[5]      ; LEDG[4]     ; 5.875 ;       ;       ; 5.875 ;
; SW[5]      ; LEDR[5]     ; 2.981 ;       ;       ; 2.981 ;
; SW[6]      ; GPO_1[1]    ; 5.506 ;       ;       ; 5.506 ;
; SW[6]      ; HEX1[0]     ; 3.415 ; 3.415 ; 3.415 ; 3.415 ;
; SW[6]      ; HEX1[1]     ; 3.250 ; 3.250 ; 3.250 ; 3.250 ;
; SW[6]      ; HEX1[2]     ; 3.249 ;       ;       ; 3.249 ;
; SW[6]      ; HEX1[3]     ; 3.257 ; 3.257 ; 3.257 ; 3.257 ;
; SW[6]      ; HEX1[4]     ;       ; 3.267 ; 3.267 ;       ;
; SW[6]      ; HEX1[5]     ; 3.418 ; 3.418 ; 3.418 ; 3.418 ;
; SW[6]      ; HEX1[6]     ; 3.418 ; 3.418 ; 3.418 ; 3.418 ;
; SW[6]      ; HEX2[0]     ; 4.201 ; 4.201 ; 4.201 ; 4.201 ;
; SW[6]      ; HEX2[1]     ; 4.130 ; 4.130 ; 4.130 ; 4.130 ;
; SW[6]      ; HEX2[2]     ; 4.173 ; 4.173 ; 4.173 ; 4.173 ;
; SW[6]      ; HEX2[3]     ; 4.168 ; 4.168 ; 4.168 ; 4.168 ;
; SW[6]      ; HEX2[4]     ; 4.231 ; 4.231 ; 4.231 ; 4.231 ;
; SW[6]      ; HEX2[5]     ; 4.269 ; 4.269 ; 4.269 ; 4.269 ;
; SW[6]      ; HEX2[6]     ; 4.289 ; 4.289 ; 4.289 ; 4.289 ;
; SW[6]      ; LEDG[1]     ; 4.708 ; 4.708 ; 4.708 ; 4.708 ;
; SW[6]      ; LEDG[2]     ; 5.032 ; 5.032 ; 5.032 ; 5.032 ;
; SW[6]      ; LEDG[3]     ; 5.087 ; 5.087 ; 5.087 ; 5.087 ;
; SW[6]      ; LEDG[4]     ; 5.571 ;       ;       ; 5.571 ;
; SW[6]      ; LEDR[6]     ; 2.511 ;       ;       ; 2.511 ;
; SW[7]      ; GPO_1[1]    ; 4.959 ;       ;       ; 4.959 ;
; SW[7]      ; HEX1[0]     ; 3.038 ; 3.038 ; 3.038 ; 3.038 ;
; SW[7]      ; HEX1[1]     ; 2.871 ;       ;       ; 2.871 ;
; SW[7]      ; HEX1[2]     ; 2.868 ; 2.868 ; 2.868 ; 2.868 ;
; SW[7]      ; HEX1[3]     ; 2.882 ; 2.882 ; 2.882 ; 2.882 ;
; SW[7]      ; HEX1[4]     ; 2.889 ; 2.889 ; 2.889 ; 2.889 ;
; SW[7]      ; HEX1[5]     ; 3.037 ; 3.037 ; 3.037 ; 3.037 ;
; SW[7]      ; HEX1[6]     ; 3.037 ; 3.037 ; 3.037 ; 3.037 ;
; SW[7]      ; HEX2[0]     ; 3.878 ; 3.878 ; 3.878 ; 3.878 ;
; SW[7]      ; HEX2[1]     ; 3.806 ; 3.806 ; 3.806 ; 3.806 ;
; SW[7]      ; HEX2[2]     ; 3.847 ; 3.847 ; 3.847 ; 3.847 ;
; SW[7]      ; HEX2[3]     ; 3.844 ; 3.844 ; 3.844 ; 3.844 ;
; SW[7]      ; HEX2[4]     ; 3.893 ; 3.893 ; 3.893 ; 3.893 ;
; SW[7]      ; HEX2[5]     ; 3.932 ; 3.932 ; 3.932 ; 3.932 ;
; SW[7]      ; HEX2[6]     ; 3.952 ; 3.952 ; 3.952 ; 3.952 ;
; SW[7]      ; LEDG[2]     ; 4.482 ; 4.482 ; 4.482 ; 4.482 ;
; SW[7]      ; LEDG[3]     ; 4.414 ; 4.414 ; 4.414 ; 4.414 ;
; SW[7]      ; LEDG[4]     ; 5.024 ;       ;       ; 5.024 ;
; SW[7]      ; LEDR[7]     ; 3.252 ;       ;       ; 3.252 ;
; SW[8]      ; GPO_1[1]    ; 4.815 ;       ;       ; 4.815 ;
; SW[8]      ; HEX1[0]     ; 3.136 ; 3.136 ; 3.136 ; 3.136 ;
; SW[8]      ; HEX1[1]     ; 2.962 ; 2.962 ; 2.962 ; 2.962 ;
; SW[8]      ; HEX1[2]     ; 2.962 ; 2.962 ; 2.962 ; 2.962 ;
; SW[8]      ; HEX1[3]     ; 2.970 ; 2.970 ; 2.970 ; 2.970 ;
; SW[8]      ; HEX1[4]     ;       ; 2.980 ; 2.980 ;       ;
; SW[8]      ; HEX1[5]     ; 3.131 ; 3.131 ; 3.131 ; 3.131 ;
; SW[8]      ; HEX1[6]     ; 3.131 ; 3.131 ; 3.131 ; 3.131 ;
; SW[8]      ; HEX2[0]     ; 3.957 ; 3.957 ; 3.957 ; 3.957 ;
; SW[8]      ; HEX2[1]     ; 3.881 ; 3.881 ; 3.881 ; 3.881 ;
; SW[8]      ; HEX2[2]     ; 3.928 ; 3.928 ; 3.928 ; 3.928 ;
; SW[8]      ; HEX2[3]     ; 3.921 ; 3.921 ; 3.921 ; 3.921 ;
; SW[8]      ; HEX2[4]     ; 3.975 ; 3.975 ; 3.975 ; 3.975 ;
; SW[8]      ; HEX2[5]     ; 4.013 ; 4.013 ; 4.013 ; 4.013 ;
; SW[8]      ; HEX2[6]     ; 4.033 ; 4.033 ; 4.033 ; 4.033 ;
; SW[8]      ; LEDG[3]     ; 4.470 ; 4.470 ; 4.470 ; 4.470 ;
; SW[8]      ; LEDG[4]     ; 4.880 ;       ;       ; 4.880 ;
; SW[8]      ; LEDR[8]     ; 3.015 ;       ;       ; 3.015 ;
+------------+-------------+-------+-------+-------+-------+


-------------------
; Clock Transfers ;
-------------------
Nothing to report.


---------------
; Report TCCS ;
---------------
No dedicated SERDES Transmitter circuitry present in device or used in design


---------------
; Report RSKM ;
---------------
No dedicated SERDES Receiver circuitry present in device or used in design


+------------------------------------------------+
; Unconstrained Paths                            ;
+---------------------------------+-------+------+
; Property                        ; Setup ; Hold ;
+---------------------------------+-------+------+
; Illegal Clocks                  ; 0     ; 0    ;
; Unconstrained Clocks            ; 0     ; 0    ;
; Unconstrained Input Ports       ; 9     ; 9    ;
; Unconstrained Input Port Paths  ; 171   ; 171  ;
; Unconstrained Output Ports      ; 37    ; 37   ;
; Unconstrained Output Port Paths ; 171   ; 171  ;
+---------------------------------+-------+------+


+------------------------------------+
; TimeQuest Timing Analyzer Messages ;
+------------------------------------+
Info: *******************************************************************
Info: Running Quartus II 32-bit TimeQuest Timing Analyzer
    Info: Version 13.0.1 Build 232 06/12/2013 Service Pack 1 SJ Web Edition
    Info: Processing started: Mon Nov 25 14:36:59 2019
Info: Command: quartus_sta de1_add4 -c de1_add4
Info: qsta_default_script.tcl version: #1
Warning (20028): Parallel compilation is not licensed and has been disabled
Info (332104): Reading SDC File: 'de1_add4.sdc'
Warning (332174): Ignored filter at de1_add4.sdc(1): CLOCK_50 could not be matched with a port or pin or register or keeper or net
Warning (332049): Ignored create_clock at de1_add4.sdc(1): Argument <targets> is not an object ID
    Info (332050): create_clock -period 20.000 -name CLOCK_50 CLOCK_50
Info (332142): No user constrained base clocks found in the design. Calling "derive_clocks -period 1.0"
Info (332096): The command derive_clocks did not find any clocks to derive.  No clocks were created or changed.
Warning (332068): No clocks defined in design.
Info: Found TIMEQUEST_REPORT_SCRIPT_INCLUDE_DEFAULT_ANALYSIS = ON
Info (332159): No clocks to report
Info: Analyzing Slow Model
Info (332140): No fmax paths to report
Info (332140): No Setup paths to report
Info (332140): No Hold paths to report
Info (332140): No Recovery paths to report
Info (332140): No Removal paths to report
Info (332140): No Minimum Pulse Width paths to report
Info (332001): The selected device family is not supported by the report_metastability command.
Info: Analyzing Fast Model
Info (332142): No user constrained base clocks found in the design. Calling "derive_clocks -period 1.0"
Info (332096): The command derive_clocks did not find any clocks to derive.  No clocks were created or changed.
Warning (332068): No clocks defined in design.
Info (332140): No Setup paths to report
Info (332140): No Hold paths to report
Info (332140): No Recovery paths to report
Info (332140): No Removal paths to report
Info (332140): No Minimum Pulse Width paths to report
Info (332001): The selected device family is not supported by the report_metastability command.
Info (332102): Design is not fully constrained for setup requirements
Info (332102): Design is not fully constrained for hold requirements
Info: Quartus II 32-bit TimeQuest Timing Analyzer was successful. 0 errors, 5 warnings
    Info: Peak virtual memory: 297 megabytes
    Info: Processing ended: Mon Nov 25 14:37:00 2019
    Info: Elapsed time: 00:00:01
    Info: Total CPU time (on all processors): 00:00:01


